Archive member included to satisfy reference by file (symbol)

D:\Software\System\IDE\LPC845_MCUXpresso_Qvoice\LPC845_MCUXpresso_Qvoice\peripherals_lib\flash\libperipherals_lib.a(gpio.o)
                              ./src/Multi_Timer_Blinky.o (GPIOSetBitValue)
D:\Software\System\IDE\LPC845_MCUXpresso_Qvoice\LPC845_MCUXpresso_Qvoice\peripherals_lib\flash\libperipherals_lib.a(i2c.o)
                              ./src/I2C_MasterSlave.o (WaitI2CMasterState)
D:\Software\System\IDE\LPC845_MCUXpresso_Qvoice\LPC845_MCUXpresso_Qvoice\peripherals_lib\flash\libperipherals_lib.a(swm.o)
                              ./src/Serial.o (ConfigSWM)
D:\Software\System\IDE\LPC845_MCUXpresso_Qvoice\LPC845_MCUXpresso_Qvoice\utilities_lib\flash\libutilities_lib.a(utilities.o)
                              ./src/I2C_MasterSlave.o (PutTerminalString)
c:/nxp/mcuxpressoide_10.1.1_606/ide/tools/bin/../lib/gcc/arm-none-eabi/6.3.1/../../../../arm-none-eabi/lib/thumb/v6-m\libcr_nohost_nf.a(_cr__main.o)
                              ./src/MCUXpresso_cr_startup.o (__main)
c:/nxp/mcuxpressoide_10.1.1_606/ide/tools/bin/../lib/gcc/arm-none-eabi/6.3.1/../../../../arm-none-eabi/lib/thumb/v6-m\libcr_c.a(fpprintf.o)
                              ./src/I2C_MasterSlave.o (printf)
c:/nxp/mcuxpressoide_10.1.1_606/ide/tools/bin/../lib/gcc/arm-none-eabi/6.3.1/../../../../arm-none-eabi/lib/thumb/v6-m\libcr_c.a(initio.o)
                              c:/nxp/mcuxpressoide_10.1.1_606/ide/tools/bin/../lib/gcc/arm-none-eabi/6.3.1/../../../../arm-none-eabi/lib/thumb/v6-m\libcr_nohost_nf.a(_cr__main.o) (_initio)
c:/nxp/mcuxpressoide_10.1.1_606/ide/tools/bin/../lib/gcc/arm-none-eabi/6.3.1/../../../../arm-none-eabi/lib/thumb/v6-m\libcr_c.a(printf.o)
                              c:/nxp/mcuxpressoide_10.1.1_606/ide/tools/bin/../lib/gcc/arm-none-eabi/6.3.1/../../../../arm-none-eabi/lib/thumb/v6-m\libcr_c.a(fpprintf.o) (__vfprintf)
c:/nxp/mcuxpressoide_10.1.1_606/ide/tools/bin/../lib/gcc/arm-none-eabi/6.3.1/../../../../arm-none-eabi/lib/thumb/v6-m\libcr_c.a(scanf.o)
                              D:\Software\System\IDE\LPC845_MCUXpresso_Qvoice\LPC845_MCUXpresso_Qvoice\utilities_lib\flash\libutilities_lib.a(utilities.o) (scanf)
c:/nxp/mcuxpressoide_10.1.1_606/ide/tools/bin/../lib/gcc/arm-none-eabi/6.3.1/../../../../arm-none-eabi/lib/thumb/v6-m\libcr_c.a(setvbuf.o)
                              c:/nxp/mcuxpressoide_10.1.1_606/ide/tools/bin/../lib/gcc/arm-none-eabi/6.3.1/../../../../arm-none-eabi/lib/thumb/v6-m\libcr_c.a(initio.o) (setvbuf)
c:/nxp/mcuxpressoide_10.1.1_606/ide/tools/bin/../lib/gcc/arm-none-eabi/6.3.1/../../../../arm-none-eabi/lib/thumb/v6-m\libcr_c.a(strlen.o)
                              c:/nxp/mcuxpressoide_10.1.1_606/ide/tools/bin/../lib/gcc/arm-none-eabi/6.3.1/../../../../arm-none-eabi/lib/thumb/v6-m\libcr_c.a(printf.o) (strlen)
c:/nxp/mcuxpressoide_10.1.1_606/ide/tools/bin/../lib/gcc/arm-none-eabi/6.3.1/../../../../arm-none-eabi/lib/thumb/v6-m\libcr_c.a(ungetc.o)
                              c:/nxp/mcuxpressoide_10.1.1_606/ide/tools/bin/../lib/gcc/arm-none-eabi/6.3.1/../../../../arm-none-eabi/lib/thumb/v6-m\libcr_c.a(scanf.o) (ungetc)
c:/nxp/mcuxpressoide_10.1.1_606/ide/tools/bin/../lib/gcc/arm-none-eabi/6.3.1/../../../../arm-none-eabi/lib/thumb/v6-m\libcr_c.a(memset.o)
                              c:/nxp/mcuxpressoide_10.1.1_606/ide/tools/bin/../lib/gcc/arm-none-eabi/6.3.1/../../../../arm-none-eabi/lib/thumb/v6-m\libcr_c.a(fpprintf.o) (memset)
c:/nxp/mcuxpressoide_10.1.1_606/ide/tools/bin/../lib/gcc/arm-none-eabi/6.3.1/../../../../arm-none-eabi/lib/thumb/v6-m\libcr_c.a(__fillbuf.o)
                              c:/nxp/mcuxpressoide_10.1.1_606/ide/tools/bin/../lib/gcc/arm-none-eabi/6.3.1/../../../../arm-none-eabi/lib/thumb/v6-m\libcr_c.a(scanf.o) (__filbuf)
c:/nxp/mcuxpressoide_10.1.1_606/ide/tools/bin/../lib/gcc/arm-none-eabi/6.3.1/../../../../arm-none-eabi/lib/thumb/v6-m\libcr_c.a(_deferredlazyseek.o)
                              c:/nxp/mcuxpressoide_10.1.1_606/ide/tools/bin/../lib/gcc/arm-none-eabi/6.3.1/../../../../arm-none-eabi/lib/thumb/v6-m\libcr_c.a(__fillbuf.o) (_deferredlazyseek)
c:/nxp/mcuxpressoide_10.1.1_606/ide/tools/bin/../lib/gcc/arm-none-eabi/6.3.1/../../../../arm-none-eabi/lib/thumb/v6-m\libcr_c.a(_fdopen.o)
                              c:/nxp/mcuxpressoide_10.1.1_606/ide/tools/bin/../lib/gcc/arm-none-eabi/6.3.1/../../../../arm-none-eabi/lib/thumb/v6-m\libcr_c.a(initio.o) (_fdopen)
c:/nxp/mcuxpressoide_10.1.1_606/ide/tools/bin/../lib/gcc/arm-none-eabi/6.3.1/../../../../arm-none-eabi/lib/thumb/v6-m\libcr_c.a(_fflush.o)
                              c:/nxp/mcuxpressoide_10.1.1_606/ide/tools/bin/../lib/gcc/arm-none-eabi/6.3.1/../../../../arm-none-eabi/lib/thumb/v6-m\libcr_c.a(__fillbuf.o) (_fflush)
c:/nxp/mcuxpressoide_10.1.1_606/ide/tools/bin/../lib/gcc/arm-none-eabi/6.3.1/../../../../arm-none-eabi/lib/thumb/v6-m\libcr_c.a(_frexpl.o)
[...]
Memory Configuration

Name             Origin             Length             Attributes
MFlash64         0x00000000         0x00010000         xr
RamLoc16         0x10000000         0x00004000         xrw
*default*        0x00000000         0xffffffff

Linker script and memory map

LOAD ./src/I2C_MasterSlave.o
LOAD ./src/MCUXpresso_Retarget.o
LOAD ./src/MCUXpresso_cr_startup.o
LOAD ./src/MCUXpresso_crp.o
LOAD ./src/MCUXpresso_mtb.o
LOAD ./src/Multi_Timer_Blinky.o
LOAD ./src/Multi_Timer_Blinky_ISR.o
LOAD ./src/Serial.o
LOAD ./src/UART0_Terminal.o
LOAD ./src/system.o
LOAD D:\Software\System\IDE\LPC845_MCUXpresso_Qvoice\LPC845_MCUXpresso_Qvoice\peripherals_lib\flash\libperipherals_lib.a
LOAD D:\Software\System\IDE\LPC845_MCUXpresso_Qvoice\LPC845_MCUXpresso_Qvoice\utilities_lib\flash\libutilities_lib.a
START GROUP
LOAD c:/nxp/mcuxpressoide_10.1.1_606/ide/tools/bin/../lib/gcc/arm-none-eabi/6.3.1/../../../../arm-none-eabi/lib/thumb/v6-m\libcr_nohost_nf.a
LOAD c:/nxp/mcuxpressoide_10.1.1_606/ide/tools/bin/../lib/gcc/arm-none-eabi/6.3.1/../../../../arm-none-eabi/lib/thumb/v6-m\libcr_c.a
LOAD c:/nxp/mcuxpressoide_10.1.1_606/ide/tools/bin/../lib/gcc/arm-none-eabi/6.3.1/thumb/v6-m\libcr_eabihelpers.a
END GROUP
                0x00000000                __base_MFlash64 = 0x0
                0x00000000                __base_Flash = 0x0
                0x00010000                __top_MFlash64 = 0x10000
                0x00010000                __top_Flash = 0x10000
                0x10000000                __base_RamLoc16 = 0x10000000
                0x10000000                __base_RAM = 0x10000000
                0x10004000                __top_RamLoc16 = 0x10004000
                0x10004000                __top_RAM = 0x10004000

.text           0x00000000     0x3e9c
 FILL mask 0xff
                0x00000000                __vectors_start__ = ABSOLUTE (.)
 *(.isr_vector)
 .isr_vector    0x00000000       0xc0 ./src/MCUXpresso_cr_startup.o
                0x00000000                g_pfnVectors
                0x000000c0                . = ALIGN (0x4)
                0x000000c0                __section_table_start = .
                0x000000c0                __data_section_table = .
                0x000000c0        0x4 LONG 0x3e9c LOADADDR (.data)
                0x000000c4        0x4 LONG 0x10000000 ADDR (.data)
                0x000000c8        0x4 LONG 0x38 SIZEOF (.data)
                0x000000cc                __data_section_table_end = .
                0x000000cc                __bss_section_table = .
                0x000000cc        0x4 LONG 0x10000038 ADDR (.bss)
                0x000000d0        0x4 LONG 0x2d8 SIZEOF (.bss)
                0x000000d4                __bss_section_table_end = .
                0x000000d4                __section_table_end = .
 *(.after_vectors*)
 .after_vectors
                0x000000d4      0x118 ./src/MCUXpresso_cr_startup.o
                0x000000d4                data_init
                0x00000114                bss_init
                0x00000148                ResetISR
                0x000001c8                NMI_Handler
                0x000001ce                HardFault_Handler
                0x000001d4                SVC_Handler
                0x000001da                PendSV_Handler
                0x000001e6                I2C1_IRQHandler
                0x000001e6                ADC_SEQB_IRQHandler
                0x000001e6                PININT1_IRQHandler
                0x000001e6                SPI1_IRQHandler
                0x000001e6                IntDefaultHandler
                0x000001e6                ADC_OVR_IRQHandler
                0x000001e6                PININT2_IRQHandler
                0x000001e6                PININT7_IRQHandler
                0x000001e6                PININT3_IRQHandler
                0x000001e6                UART2_IRQHandler
                0x000001e6                PININT5_IRQHandler
                0x000001e6                PININT4_IRQHandler
                0x000001e6                ADC_THCMP_IRQHandler
                0x000001e6                PININT0_IRQHandler
                0x000001e6                BOD_IRQHandler
                0x000001e6                I2C3_IRQHandler
                0x000001e6                SCT_IRQHandler
                0x000001e6                WDT_IRQHandler
                0x000001e6                I2C2_IRQHandler
                0x000001e6                ADC_SEQA_IRQHandler
                0x000001e6                DAC0_IRQHandler
                0x000001e6                PININT6_IRQHandler
                0x000001e6                SPI0_IRQHandler
                0x000001e6                CMP_IRQHandler
                0x000001e6                DMA_IRQHandler
                0x000001e6                FLASH_IRQHandler
                0x000001e6                CTIMER0_IRQHandler
                0x000002fc                . = 0x2fc
 *fill*         0x000001ec      0x110 ff
                0x000002fc                PROVIDE (__CRP_WORD_START__, .)
 *(.crp)
 .crp           0x000002fc        0x4 ./src/MCUXpresso_crp.o
                0x000002fc                CRP_WORD
                0x00000300                PROVIDE (__CRP_WORD_END__, .)
                0x00000001                ASSERT (! ((__CRP_WORD_START__ == __CRP_WORD_END__)), Linker CRP Enabled, but no CRP_WORD provided within application)
 *(.text*)
 .text.NVIC_EnableIRQ
                0x00000300       0x2c ./src/I2C_MasterSlave.o
 .text.UART0_IRQHandler
                0x0000032c       0x9c ./src/I2C_MasterSlave.o
                0x0000032c                UART0_IRQHandler
 .text.UART1_IRQHandler
                0x000003c8       0x9c ./src/I2C_MasterSlave.o
                0x000003c8                UART1_IRQHandler
 .text.I2C0_IRQHandler
                0x00000464       0x70 ./src/I2C_MasterSlave.o
                0x00000464                I2C0_IRQHandler
 .text.uart_init
                0x000004d4       0x3c ./src/I2C_MasterSlave.o
                0x000004d4                uart_init
 .text.uart_decode
                0x00000510       0xa0 ./src/I2C_MasterSlave.o
                0x00000510                uart_decode
 .text.i2c_init
                0x000005b0       0xb4 ./src/I2C_MasterSlave.o
                0x000005b0                i2c_init
 .text.i2c_write
                0x00000664      0x1c4 ./src/I2C_MasterSlave.o
                0x00000664                i2c_write
 .text.__sys_write
                0x00000828       0x48 ./src/MCUXpresso_Retarget.o
                0x00000828                __sys_write
 .text.NVIC_EnableIRQ
                0x00000870       0x2c ./src/Multi_Timer_Blinky.o
 .text.sct_pwm  0x0000089c      0x164 ./src/Multi_Timer_Blinky.o
                0x0000089c                sct_pwm
 .text.main     0x00000a00      0x1b8 ./src/Multi_Timer_Blinky.o
                0x00000a00                main
 .text.change_current_led
                0x00000bb8       0x50 ./src/Multi_Timer_Blinky_ISR.o
                0x00000bb8                change_current_led
 .text.WKT_IRQHandler
                0x00000c08       0x60 ./src/Multi_Timer_Blinky_ISR.o
                0x00000c08                WKT_IRQHandler
 .text.SysTick_Handler
                0x00000c68       0x70 ./src/Multi_Timer_Blinky_ISR.o
                0x00000c68                SysTick_Handler
 .text.MRT_IRQHandler
                0x00000cd8       0x7c ./src/Multi_Timer_Blinky_ISR.o
                0x00000cd8                MRT_IRQHandler
 .text.sendchar
                0x00000d54       0x28 ./src/Serial.o
                0x00000d54                sendchar
 .text.setup_debug_uart
                0x00000d7c       0xb4 ./src/Serial.o
                0x00000d7c                setup_debug_uart
 .text.SystemInit
                0x00000e30       0xec ./src/system.o
                0x00000e30                SystemInit
 .text.SystemCoreClockUpdate
                0x00000f1c      0x2a8 ./src/system.o
                0x00000f1c                SystemCoreClockUpdate
 .text.GPIOSetBitValue
                0x000011c4       0x54 D:\Software\System\IDE\LPC845_MCUXpresso_Qvoice\LPC845_MCUXpresso_Qvoice\peripherals_lib\flash\libperipherals_lib.a(gpio.o)
                0x000011c4                GPIOSetBitValue
 .text.ConfigSWM
                0x00001218       0x80 D:\Software\System\IDE\LPC845_MCUXpresso_Qvoice\LPC845_MCUXpresso_Qvoice\peripherals_lib\flash\libperipherals_lib.a(swm.o)
                0x00001218                ConfigSWM
 .text.Config_LED
                0x00001298       0x9c D:\Software\System\IDE\LPC845_MCUXpresso_Qvoice\LPC845_MCUXpresso_Qvoice\utilities_lib\flash\libutilities_lib.a(utilities.o)
                0x00001298                Config_LED
 .text.Config_Button
                0x00001334       0x70 D:\Software\System\IDE\LPC845_MCUXpresso_Qvoice\LPC845_MCUXpresso_Qvoice\utilities_lib\flash\libutilities_lib.a(utilities.o)
                0x00001334                Config_Button
 .text.LED_Off  0x000013a4       0x4c D:\Software\System\IDE\LPC845_MCUXpresso_Qvoice\LPC845_MCUXpresso_Qvoice\utilities_lib\flash\libutilities_lib.a(utilities.o)
                0x000013a4                LED_Off
 .text.__main   0x000013f0        0xc c:/nxp/mcuxpressoide_10.1.1_606/ide/tools/bin/../lib/gcc/arm-none-eabi/6.3.1/../../../../arm-none-eabi/lib/thumb/v6-m\libcr_nohost_nf.a(_cr__main.o)
                0x000013f0                __main
 .text.fp_round
                0x000013fc       0x4a c:/nxp/mcuxpressoide_10.1.1_606/ide/tools/bin/../lib/gcc/arm-none-eabi/6.3.1/../../../../arm-none-eabi/lib/thumb/v6-m\libcr_c.a(fpprintf.o)
 .text.pr_dec.constprop.1
                0x00001446       0x30 c:/nxp/mcuxpressoide_10.1.1_606/ide/tools/bin/../lib/gcc/arm-none-eabi/6.3.1/../../../../arm-none-eabi/lib/thumb/v6-m\libcr_c.a(fpprintf.o)
 *fill*         0x00001476        0x2 ff
 .text.sprintf  0x00001478       0x6c c:/nxp/mcuxpressoide_10.1.1_606/ide/tools/bin/../lib/gcc/arm-none-eabi/6.3.1/../../../../arm-none-eabi/lib/thumb/v6-m\libcr_c.a(fpprintf.o)
                0x00001478                sprintf
 .text.fp_display
                0x000014e4      0x968 c:/nxp/mcuxpressoide_10.1.1_606/ide/tools/bin/../lib/gcc/arm-none-eabi/6.3.1/../../../../arm-none-eabi/lib/thumb/v6-m\libcr_c.a(fpprintf.o)
 .text.vsnprintf
                0x00001e4c       0x60 c:/nxp/mcuxpressoide_10.1.1_606/ide/tools/bin/../lib/gcc/arm-none-eabi/6.3.1/../../../../arm-none-eabi/lib/thumb/v6-m\libcr_c.a(fpprintf.o)
                0x00001e4c                vsnprintf
 .text.printf   0x00001eac       0x50 c:/nxp/mcuxpressoide_10.1.1_606/ide/tools/bin/../lib/gcc/arm-none-eabi/6.3.1/../../../../arm-none-eabi/lib/thumb/v6-m\libcr_c.a(fpprintf.o)
                0x00001eac                printf
 .text._initio  0x00001efc       0x7c c:/nxp/mcuxpressoide_10.1.1_606/ide/tools/bin/../lib/gcc/arm-none-eabi/6.3.1/../../../../arm-none-eabi/lib/thumb/v6-m\libcr_c.a(initio.o)
                0x00001efc                _initio
 .text.__vfprintf
                0x00001f78      0xce0 c:/nxp/mcuxpressoide_10.1.1_606/ide/tools/bin/../lib/gcc/arm-none-eabi/6.3.1/../../../../arm-none-eabi/lib/thumb/v6-m\libcr_c.a(printf.o)
                0x00001f78                __vfprintf
 .text.setvbuf  0x00002c58       0x48 c:/nxp/mcuxpressoide_10.1.1_606/ide/tools/bin/../lib/gcc/arm-none-eabi/6.3.1/../../../../arm-none-eabi/lib/thumb/v6-m\libcr_c.a(setvbuf.o)
                0x00002c58                setvbuf
 .text.strlen   0x00002ca0       0x58 c:/nxp/mcuxpressoide_10.1.1_606/ide/tools/bin/../lib/gcc/arm-none-eabi/6.3.1/../../../../arm-none-eabi/lib/thumb/v6-m\libcr_c.a(strlen.o)
                0x00002ca0                strlen
 .text.memset   0x00002cf8        0x8 c:/nxp/mcuxpressoide_10.1.1_606/ide/tools/bin/../lib/gcc/arm-none-eabi/6.3.1/../../../../arm-none-eabi/lib/thumb/v6-m\libcr_c.a(memset.o)
                0x00002cf8                memset
 .text._deferredlazyseek
                0x00002d00       0x40 c:/nxp/mcuxpressoide_10.1.1_606/ide/tools/bin/../lib/gcc/arm-none-eabi/6.3.1/../../../../arm-none-eabi/lib/thumb/v6-m\libcr_c.a(_deferredlazyseek.o)
                0x00002d00                _deferredlazyseek
 .text.__flsbuf
                0x00002d40      0x150 c:/nxp/mcuxpressoide_10.1.1_606/ide/tools/bin/../lib/gcc/arm-none-eabi/6.3.1/../../../../arm-none-eabi/lib/thumb/v6-m\libcr_c.a(_deferredlazyseek.o)
                0x00002d40                __flsbuf
 .text._fdopen  0x00002e90       0x74 c:/nxp/mcuxpressoide_10.1.1_606/ide/tools/bin/../lib/gcc/arm-none-eabi/6.3.1/../../../../arm-none-eabi/lib/thumb/v6-m\libcr_c.a(_fdopen.o)
                0x00002e90                _fdopen
 .text._fflush  0x00002f04       0x5c c:/nxp/mcuxpressoide_10.1.1_606/ide/tools/bin/../lib/gcc/arm-none-eabi/6.3.1/../../../../arm-none-eabi/lib/thumb/v6-m\libcr_c.a(_fflush.o)
                0x00002f04                _fflush
 .text._frexpl  0x00002f60       0x7c c:/nxp/mcuxpressoide_10.1.1_606/ide/tools/bin/../lib/gcc/arm-none-eabi/6.3.1/../../../../arm-none-eabi/lib/thumb/v6-m\libcr_c.a(_frexpl.o)
                0x00002f60                _frexpl
 .text._ldexpl  0x00002fdc       0x58 c:/nxp/mcuxpressoide_10.1.1_606/ide/tools/bin/../lib/gcc/arm-none-eabi/6.3.1/../../../../arm-none-eabi/lib/thumb/v6-m\libcr_c.a(_ldexpl.o)
                0x00002fdc                _ldexpl
 .text._Cwritebuf
                0x00003034       0x68 c:/nxp/mcuxpressoide_10.1.1_606/ide/tools/bin/../lib/gcc/arm-none-eabi/6.3.1/../../../../arm-none-eabi/lib/thumb/v6-m\libcr_c.a(_writebuf.o)
                0x00003034                _Cwritebuf
 .text.malloc   0x0000309c       0xcc c:/nxp/mcuxpressoide_10.1.1_606/ide/tools/bin/../lib/gcc/arm-none-eabi/6.3.1/../../../../arm-none-eabi/lib/thumb/v6-m\libcr_c.a(alloc.o)
                0x0000309c                malloc
 .text.free     0x00003168       0x2c c:/nxp/mcuxpressoide_10.1.1_606/ide/tools/bin/../lib/gcc/arm-none-eabi/6.3.1/../../../../arm-none-eabi/lib/thumb/v6-m\libcr_c.a(alloc.o)
                0x00003168                free
 .text._Csys_alloc
                0x00003194       0x20 c:/nxp/mcuxpressoide_10.1.1_606/ide/tools/bin/../lib/gcc/arm-none-eabi/6.3.1/../../../../arm-none-eabi/lib/thumb/v6-m\libcr_c.a(alloc.o)
                0x00003194                _Csys_alloc
 .text.fclose   0x000031b4       0x5c c:/nxp/mcuxpressoide_10.1.1_606/ide/tools/bin/../lib/gcc/arm-none-eabi/6.3.1/../../../../arm-none-eabi/lib/thumb/v6-m\libcr_c.a(fclose.o)
                0x000031b4                fclose
 .text.fflush   0x00003210       0x44 c:/nxp/mcuxpressoide_10.1.1_606/ide/tools/bin/../lib/gcc/arm-none-eabi/6.3.1/../../../../arm-none-eabi/lib/thumb/v6-m\libcr_c.a(fflush.o)
                0x00003210                fflush
 .text.fseek    0x00003254       0xf0 c:/nxp/mcuxpressoide_10.1.1_606/ide/tools/bin/../lib/gcc/arm-none-eabi/6.3.1/../../../../arm-none-eabi/lib/thumb/v6-m\libcr_c.a(fseek.o)
                0x00003254                fseek
 .text.ftell    0x00003344       0x48 c:/nxp/mcuxpressoide_10.1.1_606/ide/tools/bin/../lib/gcc/arm-none-eabi/6.3.1/../../../../arm-none-eabi/lib/thumb/v6-m\libcr_c.a(ftell.o)
                0x00003344                ftell
 .text.remove   0x0000338c       0x12 c:/nxp/mcuxpressoide_10.1.1_606/ide/tools/bin/../lib/gcc/arm-none-eabi/6.3.1/../../../../arm-none-eabi/lib/thumb/v6-m\libcr_c.a(remove.o)
                0x0000338c                remove
 *fill*         0x0000339e        0x2 ff
 .text._sbrk    0x000033a0       0x40 c:/nxp/mcuxpressoide_10.1.1_606/ide/tools/bin/../lib/gcc/arm-none-eabi/6.3.1/../../../../arm-none-eabi/lib/thumb/v6-m\libcr_c.a(_cr_sbrk.o)
                0x000033a0                _sbrk
 .text._do_fflush
                0x000033e0       0x44 c:/nxp/mcuxpressoide_10.1.1_606/ide/tools/bin/../lib/gcc/arm-none-eabi/6.3.1/../../../../arm-none-eabi/lib/thumb/v6-m\libcr_c.a(_do_fflush.o)
                0x000033e0                _do_fflush
 .text.__check_heap_overflow
                0x00003424       0x18 c:/nxp/mcuxpressoide_10.1.1_606/ide/tools/bin/../lib/gcc/arm-none-eabi/6.3.1/../../../../arm-none-eabi/lib/thumb/v6-m\libcr_c.a(_cr_check_heap.o)
                0x00003424                __check_heap_overflow
 .text.__aeabi_division_idivmod
                0x0000343c       0x78 c:/nxp/mcuxpressoide_10.1.1_606/ide/tools/bin/../lib/gcc/arm-none-eabi/6.3.1/thumb/v6-m\libcr_eabihelpers.a(division_32.o)
                0x0000343c                __aeabi_idivmod
                0x0000343c                __aeabi_idiv
                0x00003442                __aeabi_uidivmod
                0x00003442                __aeabi_uidiv
 .text.__aeabi_division_idiv0
                0x000034b4        0x2 c:/nxp/mcuxpressoide_10.1.1_606/ide/tools/bin/../lib/gcc/arm-none-eabi/6.3.1/thumb/v6-m\libcr_eabihelpers.a(division_idiv0.o)
                0x000034b4                __aeabi_idiv0
 *fill*         0x000034b6        0x2 ff
 .text.__aeabi_dmul
                0x000034b8      0x180 c:/nxp/mcuxpressoide_10.1.1_606/ide/tools/bin/../lib/gcc/arm-none-eabi/6.3.1/thumb/v6-m\libcr_eabihelpers.a(double.o)
                0x000034b8                __aeabi_dmul
 .text.__aeabi_ddiv
                0x00003638      0x14c c:/nxp/mcuxpressoide_10.1.1_606/ide/tools/bin/../lib/gcc/arm-none-eabi/6.3.1/thumb/v6-m\libcr_eabihelpers.a(double.o)
                0x00003638                __aeabi_ddiv
 .text.__aeabi_dsub
                0x00003784      0x1e8 c:/nxp/mcuxpressoide_10.1.1_606/ide/tools/bin/../lib/gcc/arm-none-eabi/6.3.1/thumb/v6-m\libcr_eabihelpers.a(double.o)
                0x00003784                __aeabi_dsub
 .text.__aeabi_dadd
                0x0000396c      0x130 c:/nxp/mcuxpressoide_10.1.1_606/ide/tools/bin/../lib/gcc/arm-none-eabi/6.3.1/thumb/v6-m\libcr_eabihelpers.a(double.o)
                0x0000396c                __aeabi_dadd
 .text.__aeabi_d2iz
                0x00003a9c       0x44 c:/nxp/mcuxpressoide_10.1.1_606/ide/tools/bin/../lib/gcc/arm-none-eabi/6.3.1/thumb/v6-m\libcr_eabihelpers.a(double.o)
                0x00003a9c                __aeabi_d2iz
 .text.__bhs_ui2d
                0x00003ae0       0x5e c:/nxp/mcuxpressoide_10.1.1_606/ide/tools/bin/../lib/gcc/arm-none-eabi/6.3.1/thumb/v6-m\libcr_eabihelpers.a(double.o)
                0x00003ae0                __bhs_ui2d
 .text.__aeabi_i2d
                0x00003b3e       0x18 c:/nxp/mcuxpressoide_10.1.1_606/ide/tools/bin/../lib/gcc/arm-none-eabi/6.3.1/thumb/v6-m\libcr_eabihelpers.a(double.o)
                0x00003b3e                __aeabi_i2d
 *fill*         0x00003b56        0x2 ff
 .text.__aeabi_dcmpeq
                0x00003b58       0x30 c:/nxp/mcuxpressoide_10.1.1_606/ide/tools/bin/../lib/gcc/arm-none-eabi/6.3.1/thumb/v6-m\libcr_eabihelpers.a(double.o)
                0x00003b58                __aeabi_dcmpeq
 .text.__aeabi_dcmplt
                0x00003b88       0x5c c:/nxp/mcuxpressoide_10.1.1_606/ide/tools/bin/../lib/gcc/arm-none-eabi/6.3.1/thumb/v6-m\libcr_eabihelpers.a(double.o)
                0x00003b88                __aeabi_dcmplt
 .text.__aeabi_dcmple
                0x00003be4       0x5c c:/nxp/mcuxpressoide_10.1.1_606/ide/tools/bin/../lib/gcc/arm-none-eabi/6.3.1/thumb/v6-m\libcr_eabihelpers.a(double.o)
                0x00003be4                __aeabi_dcmple
 .text.__aeabi_dcmpge
                0x00003c40       0x60 c:/nxp/mcuxpressoide_10.1.1_606/ide/tools/bin/../lib/gcc/arm-none-eabi/6.3.1/thumb/v6-m\libcr_eabihelpers.a(double.o)
                0x00003c40                __aeabi_dcmpge
 .text.__aeabi_llong_lmul
                0x00003ca0       0x2e c:/nxp/mcuxpressoide_10.1.1_606/ide/tools/bin/../lib/gcc/arm-none-eabi/6.3.1/thumb/v6-m\libcr_eabihelpers.a(llong.o)
                0x00003ca0                __aeabi_lmul
 .text.__aeabi_memset_lowlevel
                0x00003cce       0x2a c:/nxp/mcuxpressoide_10.1.1_606/ide/tools/bin/../lib/gcc/arm-none-eabi/6.3.1/thumb/v6-m\libcr_eabihelpers.a(memcpy.o)
                0x00003cce                __aeabi_lowlevel_memset
 .text.__sys_appexit
                0x00003cf8        0x2 c:/nxp/mcuxpressoide_10.1.1_606/ide/tools/bin/../lib/gcc/arm-none-eabi/6.3.1/../../../../arm-none-eabi/lib/thumb/v6-m\libcr_nohost_nf.a(__sys_appexit.o)
                0x00003cf8                __sys_appexit
                0x00003cf8                __exit
 .text.__sys_close
                0x00003cfa        0x6 c:/nxp/mcuxpressoide_10.1.1_606/ide/tools/bin/../lib/gcc/arm-none-eabi/6.3.1/../../../../arm-none-eabi/lib/thumb/v6-m\libcr_nohost_nf.a(__sys_close.o)
                0x00003cfa                __sys_close
 .text.__sys_flen
                0x00003d00        0x6 c:/nxp/mcuxpressoide_10.1.1_606/ide/tools/bin/../lib/gcc/arm-none-eabi/6.3.1/../../../../arm-none-eabi/lib/thumb/v6-m\libcr_nohost_nf.a(__sys_flen.o)
                0x00003d00                __sys_flen
 .text.__sys_istty
                0x00003d06        0x6 c:/nxp/mcuxpressoide_10.1.1_606/ide/tools/bin/../lib/gcc/arm-none-eabi/6.3.1/../../../../arm-none-eabi/lib/thumb/v6-m\libcr_nohost_nf.a(__sys_istty.o)
                0x00003d06                __sys_istty
 .text.__sys_remove
                0x00003d0c        0x6 c:/nxp/mcuxpressoide_10.1.1_606/ide/tools/bin/../lib/gcc/arm-none-eabi/6.3.1/../../../../arm-none-eabi/lib/thumb/v6-m\libcr_nohost_nf.a(__sys_remove.o)
                0x00003d0c                __sys_remove
 .text.__sys_seek
                0x00003d12        0x6 c:/nxp/mcuxpressoide_10.1.1_606/ide/tools/bin/../lib/gcc/arm-none-eabi/6.3.1/../../../../arm-none-eabi/lib/thumb/v6-m\libcr_nohost_nf.a(__sys_seek.o)
                0x00003d12                __sys_seek
 .text.__sys_tmpnam
                0x00003d18        0x6 c:/nxp/mcuxpressoide_10.1.1_606/ide/tools/bin/../lib/gcc/arm-none-eabi/6.3.1/../../../../arm-none-eabi/lib/thumb/v6-m\libcr_nohost_nf.a(__sys_tmpnam.o)
                0x00003d18                __sys_tmpnam
 *(.rodata .rodata.* .constdata .constdata.*)
 *fill*         0x00003d1e        0x2 ff
 .rodata.the_massage
                0x00003d20       0x14 ./src/I2C_MasterSlave.o
                0x00003d20                the_massage
 .rodata        0x00003d34       0x49 ./src/I2C_MasterSlave.o
 *fill*         0x00003d7d        0x3 ff
 .rodata        0x00003d80       0x45 ./src/Multi_Timer_Blinky_ISR.o
 *fill*         0x00003dc5        0x3 ff
 .rodata.SystemCoreClockUpdate
                0x00003dc8       0x40 ./src/system.o
 .rodata.fp_display.str1.1
                0x00003e08       0x34 c:/nxp/mcuxpressoide_10.1.1_606/ide/tools/bin/../lib/gcc/arm-none-eabi/6.3.1/../../../../arm-none-eabi/lib/thumb/v6-m\libcr_c.a(fpprintf.o)
                                 0x35 (size before relaxing)
 .rodata._initio.str1.1
                0x00003e3c        0x4 c:/nxp/mcuxpressoide_10.1.1_606/ide/tools/bin/../lib/gcc/arm-none-eabi/6.3.1/../../../../arm-none-eabi/lib/thumb/v6-m\libcr_c.a(initio.o)
 .rodata.__vfprintf.str1.1
                0x00003e40       0x31 c:/nxp/mcuxpressoide_10.1.1_606/ide/tools/bin/../lib/gcc/arm-none-eabi/6.3.1/../../../../arm-none-eabi/lib/thumb/v6-m\libcr_c.a(printf.o)
                                 0x38 (size before relaxing)
 *fill*         0x00003e71        0x7 ff
 .rodata.__huge_vall
                0x00003e78        0x8 c:/nxp/mcuxpressoide_10.1.1_606/ide/tools/bin/../lib/gcc/arm-none-eabi/6.3.1/../../../../arm-none-eabi/lib/thumb/v6-m\libcr_c.a(_hugeval.o)
                0x00003e78                __huge_vall
 .rodata._Csys_alloc.str1.1
                0x00003e80       0x18 c:/nxp/mcuxpressoide_10.1.1_606/ide/tools/bin/../lib/gcc/arm-none-eabi/6.3.1/../../../../arm-none-eabi/lib/thumb/v6-m\libcr_c.a(alloc.o)
 .rodata.__num_Ciob_streams
                0x00003e98        0x4 c:/nxp/mcuxpressoide_10.1.1_606/ide/tools/bin/../lib/gcc/arm-none-eabi/6.3.1/../../../../arm-none-eabi/lib/thumb/v6-m\libcr_nohost_nf.a(__ciob.o)
                0x00003e98                __num_Ciob_streams
                0x00003e9c                . = ALIGN (0x4)

.glue_7         0x00003e9c        0x0
 .glue_7        0x00003e9c        0x0 linker stubs

.glue_7t        0x00003e9c        0x0
 .glue_7t       0x00003e9c        0x0 linker stubs

.vfp11_veneer   0x00003e9c        0x0
 .vfp11_veneer  0x00003e9c        0x0 linker stubs

.v4_bx          0x00003e9c        0x0
 .v4_bx         0x00003e9c        0x0 linker stubs

.iplt           0x00003e9c        0x0
 .iplt          0x00003e9c        0x0 ./src/I2C_MasterSlave.o

.rel.dyn        0x00003e9c        0x0
 .rel.iplt      0x00003e9c        0x0 ./src/I2C_MasterSlave.o

.ARM.extab
 *(.ARM.extab* .gnu.linkonce.armextab.*)
                0x00003e9c                __exidx_start = .

.ARM.exidx
 *(.ARM.exidx* .gnu.linkonce.armexidx.*)
                0x00003e9c                __exidx_end = .
                0x00003e9c                _etext = .

.mtb_buffer_default
 *(.mtb*)

.uninit_RESERVED
                0x10000000        0x0
 *(.bss.$RESERVED*)
                0x10000000                . = ALIGN (0x4)
                0x10000000                _end_uninit_RESERVED = .

.data           0x10000000       0x38 load address 0x00003e9c
 FILL mask 0xff
                0x10000000                _data = .
 *(vtable)
 *(.ramfunc*)
 *(.data*)
 .data.i2c_tx_buffer
                0x10000000       0x23 ./src/I2C_MasterSlave.o
                0x10000000                i2c_tx_buffer
 *fill*         0x10000023        0x1 ff
 .data.main_clk
                0x10000024        0x4 ./src/system.o
                0x10000024                main_clk
 .data.sys_pll0_clk
                0x10000028        0x4 ./src/system.o
                0x10000028                sys_pll0_clk
 .data.fro_clk  0x1000002c        0x4 ./src/system.o
                0x1000002c                fro_clk
 .data.fro_div_clk
                0x10000030        0x4 ./src/system.o
                0x10000030                fro_div_clk
 .data.system_ahb_clk
                0x10000034        0x4 ./src/system.o
                0x10000034                system_ahb_clk
                0x10000038                . = ALIGN (0x4)
                0x10000038                _edata = .

.igot.plt       0x10000038        0x0 load address 0x00003ed4
 .igot.plt      0x10000038        0x0 ./src/I2C_MasterSlave.o

.bss            0x10000038      0x2d8 load address 0x00003ed4
                0x10000038                _bss = .
 *(.bss*)
 .bss.u0_rx_buffer
                0x10000038       0x23 ./src/I2C_MasterSlave.o
                0x10000038                u0_rx_buffer
 *fill*         0x1000005b        0x1 
 .bss.u1_rx_buffer
                0x1000005c       0x23 ./src/I2C_MasterSlave.o
                0x1000005c                u1_rx_buffer
 .bss.uart0_handshake
                0x1000007f        0x1 ./src/I2C_MasterSlave.o
                0x1000007f                uart0_handshake
 .bss.uart1_handshake
                0x10000080        0x1 ./src/I2C_MasterSlave.o
                0x10000080                uart1_handshake
 *fill*         0x10000081        0x3 
 .bss.slave_rx_data
                0x10000084       0x23 ./src/I2C_MasterSlave.o
                0x10000084                slave_rx_data
 *fill*         0x100000a7        0x1 
 .bss.rx0_char_counter
                0x100000a8        0x4 ./src/I2C_MasterSlave.o
 .bss.rx1_char_counter
                0x100000ac        0x4 ./src/I2C_MasterSlave.o
 .bss.slave_data_counter
                0x100000b0        0x4 ./src/I2C_MasterSlave.o
 .bss.i2c_state
                0x100000b4        0x4 ./src/I2C_MasterSlave.o
                0x100000b4                i2c_state
 .bss.temp      0x100000b8        0x4 ./src/I2C_MasterSlave.o
                0x100000b8                temp
 .bss.tx_ptr    0x100000bc        0x4 ./src/I2C_MasterSlave.o
                0x100000bc                tx_ptr
 .bss.tx_ptr_cnt
                0x100000c0        0x4 ./src/I2C_MasterSlave.o
                0x100000c0                tx_ptr_cnt
 .bss.handshake
                0x100000c4        0x1 ./src/Multi_Timer_Blinky.o
                0x100000c4                handshake
 .bss.interrupt_counter
                0x100000c5        0x1 ./src/Multi_Timer_Blinky.o
                0x100000c5                interrupt_counter
 .bss.current_led
                0x100000c6        0x1 ./src/Multi_Timer_Blinky.o
                0x100000c6                current_led
 *fill*         0x100000c7        0x1 
 .bss.sct_flag  0x100000c8       0x60 ./src/Multi_Timer_Blinky.o
                0x100000c8                sct_flag
 .bss.tick_cnt  0x10000128       0x60 ./src/Multi_Timer_Blinky.o
                0x10000128                tick_cnt
 .bss.tick_token
                0x10000188       0x60 ./src/Multi_Timer_Blinky.o
                0x10000188                tick_token
 .bss.tick_state
                0x100001e8       0x60 ./src/Multi_Timer_Blinky.o
                0x100001e8                tick_state
 .bss.fr_cnt    0x10000248        0x4 ./src/Multi_Timer_Blinky.o
                0x10000248                fr_cnt
 .bss.wdt_osc_clk
                0x1000024c        0x4 ./src/system.o
                0x1000024c                wdt_osc_clk
 .bss.errno     0x10000250        0x4 c:/nxp/mcuxpressoide_10.1.1_606/ide/tools/bin/../lib/gcc/arm-none-eabi/6.3.1/../../../../arm-none-eabi/lib/thumb/v6-m\libcr_c.a(errno.o)
                0x10000250                errno
 .bss.__end_of_heap
                0x10000254        0x4 c:/nxp/mcuxpressoide_10.1.1_606/ide/tools/bin/../lib/gcc/arm-none-eabi/6.3.1/../../../../arm-none-eabi/lib/thumb/v6-m\libcr_c.a(__init_alloc.o)
                0x10000254                __end_of_heap
 .bss.__heaps   0x10000258        0x4 c:/nxp/mcuxpressoide_10.1.1_606/ide/tools/bin/../lib/gcc/arm-none-eabi/6.3.1/../../../../arm-none-eabi/lib/thumb/v6-m\libcr_c.a(__init_alloc.o)
                0x10000258                __heaps
 .bss.__Ciob    0x1000025c       0xb4 c:/nxp/mcuxpressoide_10.1.1_606/ide/tools/bin/../lib/gcc/arm-none-eabi/6.3.1/../../../../arm-none-eabi/lib/thumb/v6-m\libcr_nohost_nf.a(__ciob.o)
                0x1000025c                __Ciob
 *(COMMON)
                0x10000310                . = ALIGN (0x4)
                0x10000310                _ebss = .
                [!provide]                PROVIDE (end, .)

.noinit         0x10000310        0x0 load address 0x00003ed4
                0x10000310                _noinit = .
 *(.noinit*)
                0x10000310                . = ALIGN (0x4)
                0x10000310                _end_noinit = .
                0x10000310                PROVIDE (_pvHeapStart, DEFINED (__user_heap_base)?__user_heap_base:.)
                0x10004000                PROVIDE (_vStackTop, DEFINED (__user_stack_top)?__user_stack_top:(__top_RamLoc16 - 0x0))
                0xefffbb1f                PROVIDE (__valid_user_code_checksum, (0x0 - (((_vStackTop + (ResetISR + 0x1)) + (DEFINED (NMI_Handler)?NMI_Handler:M0_NMI_Handler + 0x1)) + (DEFINED (HardFault_Handler)?HardFault_Handler:M0_HardFault_Handler + 0x1))))
                0x00000000                _image_start = LOADADDR (.text)
                0x00003ed4                _image_end = (LOADADDR (.data) + SIZEOF (.data))
                0x00003ed4                _image_size = (_image_end - _image_start)
OUTPUT(Multi_LED_Driver_Askey.axf elf32-littlearm)

.debug_info     0x00000000     0x5372
 .debug_info    0x00000000      0xff1 ./src/I2C_MasterSlave.o
 .debug_info    0x00000ff1       0xa5 ./src/MCUXpresso_Retarget.o
 .debug_info    0x00001096      0x210 ./src/MCUXpresso_cr_startup.o
 .debug_info    0x000012a6       0x3f ./src/MCUXpresso_crp.o
 .debug_info    0x000012e5      0xbd2 ./src/Multi_Timer_Blinky.o
 .debug_info    0x00001eb7      0x371 ./src/Multi_Timer_Blinky_ISR.o
 .debug_info    0x00002228      0x838 ./src/Serial.o
 .debug_info    0x00002a60      0xa6f ./src/system.o
 .debug_info    0x000034cf      0xbec D:\Software\System\IDE\LPC845_MCUXpresso_Qvoice\LPC845_MCUXpresso_Qvoice\peripherals_lib\flash\libperipherals_lib.a(gpio.o)
 .debug_info    0x000040bb      0x30c D:\Software\System\IDE\LPC845_MCUXpresso_Qvoice\LPC845_MCUXpresso_Qvoice\peripherals_lib\flash\libperipherals_lib.a(swm.o)
 .debug_info    0x000043c7      0xfab D:\Software\System\IDE\LPC845_MCUXpresso_Qvoice\LPC845_MCUXpresso_Qvoice\utilities_lib\flash\libutilities_lib.a(utilities.o)

.debug_abbrev   0x00000000     0x122b
 .debug_abbrev  0x00000000      0x2fa ./src/I2C_MasterSlave.o
 .debug_abbrev  0x000002fa       0x8a ./src/MCUXpresso_Retarget.o
 .debug_abbrev  0x00000384      0x103 ./src/MCUXpresso_cr_startup.o
 .debug_abbrev  0x00000487       0x36 ./src/MCUXpresso_crp.o
 .debug_abbrev  0x000004bd      0x264 ./src/Multi_Timer_Blinky.o
 .debug_abbrev  0x00000721      0x14e ./src/Multi_Timer_Blinky_ISR.o
 .debug_abbrev  0x0000086f      0x1c1 ./src/Serial.o
 .debug_abbrev  0x00000a30      0x1d9 ./src/system.o
 .debug_abbrev  0x00000c09      0x1fb D:\Software\System\IDE\LPC845_MCUXpresso_Qvoice\LPC845_MCUXpresso_Qvoice\peripherals_lib\flash\libperipherals_lib.a(gpio.o)
 .debug_abbrev  0x00000e04      0x15f D:\Software\System\IDE\LPC845_MCUXpresso_Qvoice\LPC845_MCUXpresso_Qvoice\peripherals_lib\flash\libperipherals_lib.a(swm.o)
 .debug_abbrev  0x00000f63      0x2c8 D:\Software\System\IDE\LPC845_MCUXpresso_Qvoice\LPC845_MCUXpresso_Qvoice\utilities_lib\flash\libutilities_lib.a(utilities.o)

.debug_aranges  0x00000000      0x2c8
 .debug_aranges
                0x00000000       0x68 ./src/I2C_MasterSlave.o
 .debug_aranges
                0x00000068       0x28 ./src/MCUXpresso_Retarget.o
 .debug_aranges
                0x00000090       0x60 ./src/MCUXpresso_cr_startup.o
 .debug_aranges
                0x000000f0       0x18 ./src/MCUXpresso_crp.o
 .debug_aranges
                0x00000108       0x38 ./src/Multi_Timer_Blinky.o
 .debug_aranges
                0x00000140       0x38 ./src/Multi_Timer_Blinky_ISR.o
 .debug_aranges
                0x00000178       0x40 ./src/Serial.o
 .debug_aranges
                0x000001b8       0x28 ./src/system.o
 .debug_aranges
                0x000001e0       0x38 D:\Software\System\IDE\LPC845_MCUXpresso_Qvoice\LPC845_MCUXpresso_Qvoice\peripherals_lib\flash\libperipherals_lib.a(gpio.o)
 .debug_aranges
                0x00000218       0x30 D:\Software\System\IDE\LPC845_MCUXpresso_Qvoice\LPC845_MCUXpresso_Qvoice\peripherals_lib\flash\libperipherals_lib.a(swm.o)
 .debug_aranges
                0x00000248       0x80 D:\Software\System\IDE\LPC845_MCUXpresso_Qvoice\LPC845_MCUXpresso_Qvoice\utilities_lib\flash\libutilities_lib.a(utilities.o)

.debug_ranges   0x00000000      0x210
 .debug_ranges  0x00000000       0x58 ./src/I2C_MasterSlave.o
 .debug_ranges  0x00000058       0x18 ./src/MCUXpresso_Retarget.o
 .debug_ranges  0x00000070       0x50 ./src/MCUXpresso_cr_startup.o
 .debug_ranges  0x000000c0       0x28 ./src/Multi_Timer_Blinky.o
 .debug_ranges  0x000000e8       0x28 ./src/Multi_Timer_Blinky_ISR.o
 .debug_ranges  0x00000110       0x30 ./src/Serial.o
 .debug_ranges  0x00000140       0x18 ./src/system.o
 .debug_ranges  0x00000158       0x28 D:\Software\System\IDE\LPC845_MCUXpresso_Qvoice\LPC845_MCUXpresso_Qvoice\peripherals_lib\flash\libperipherals_lib.a(gpio.o)
 .debug_ranges  0x00000180       0x20 D:\Software\System\IDE\LPC845_MCUXpresso_Qvoice\LPC845_MCUXpresso_Qvoice\peripherals_lib\flash\libperipherals_lib.a(swm.o)
 .debug_ranges  0x000001a0       0x70 D:\Software\System\IDE\LPC845_MCUXpresso_Qvoice\LPC845_MCUXpresso_Qvoice\utilities_lib\flash\libutilities_lib.a(utilities.o)

.debug_macro    0x00000000     0x34fa
 .debug_macro   0x00000000       0xd5 ./src/I2C_MasterSlave.o
 .debug_macro   0x000000d5      0x8c2 ./src/I2C_MasterSlave.o
 .debug_macro   0x00000997       0x3a ./src/I2C_MasterSlave.o
 .debug_macro   0x000009d1       0x3a ./src/I2C_MasterSlave.o
 .debug_macro   0x00000a0b       0x10 ./src/I2C_MasterSlave.o
 .debug_macro   0x00000a1b      0x12d ./src/I2C_MasterSlave.o
 .debug_macro   0x00000b48      0x5b2 ./src/I2C_MasterSlave.o
 .debug_macro   0x000010fa      0x241 ./src/I2C_MasterSlave.o
 .debug_macro   0x0000133b      0x27a ./src/I2C_MasterSlave.o
 .debug_macro   0x000015b5       0xdc ./src/I2C_MasterSlave.o
 .debug_macro   0x00001691      0x425 ./src/I2C_MasterSlave.o
 .debug_macro   0x00001ab6      0x2c2 ./src/I2C_MasterSlave.o
 .debug_macro   0x00001d78       0xe2 ./src/I2C_MasterSlave.o
 .debug_macro   0x00001e5a       0x82 ./src/I2C_MasterSlave.o
 .debug_macro   0x00001edc       0x11 ./src/MCUXpresso_Retarget.o
 .debug_macro   0x00001eed       0x1d ./src/MCUXpresso_cr_startup.o
 .debug_macro   0x00001f0a       0x1a ./src/MCUXpresso_crp.o
 .debug_macro   0x00001f24       0x34 ./src/MCUXpresso_crp.o
 .debug_macro   0x00001f58       0xc6 ./src/Multi_Timer_Blinky.o
 .debug_macro   0x0000201e       0x1c ./src/Multi_Timer_Blinky.o
 .debug_macro   0x0000203a       0x28 ./src/Multi_Timer_Blinky.o
 .debug_macro   0x00002062       0x64 ./src/Multi_Timer_Blinky.o
 .debug_macro   0x000020c6       0xad ./src/Multi_Timer_Blinky_ISR.o
 .debug_macro   0x00002173       0xa3 ./src/Serial.o
 .debug_macro   0x00002216       0xac ./src/Serial.o
 .debug_macro   0x000022c2      0x120 ./src/system.o
 .debug_macro   0x000023e2       0x5e ./src/system.o
 .debug_macro   0x00002440       0x4c ./src/system.o
 .debug_macro   0x0000248c       0x22 ./src/system.o
 .debug_macro   0x000024ae       0x88 D:\Software\System\IDE\LPC845_MCUXpresso_Qvoice\LPC845_MCUXpresso_Qvoice\peripherals_lib\flash\libperipherals_lib.a(gpio.o)
 .debug_macro   0x00002536      0x8c2 D:\Software\System\IDE\LPC845_MCUXpresso_Qvoice\LPC845_MCUXpresso_Qvoice\peripherals_lib\flash\libperipherals_lib.a(gpio.o)
 .debug_macro   0x00002df8       0xe2 D:\Software\System\IDE\LPC845_MCUXpresso_Qvoice\LPC845_MCUXpresso_Qvoice\peripherals_lib\flash\libperipherals_lib.a(gpio.o)
 .debug_macro   0x00002eda       0x85 D:\Software\System\IDE\LPC845_MCUXpresso_Qvoice\LPC845_MCUXpresso_Qvoice\peripherals_lib\flash\libperipherals_lib.a(swm.o)
 .debug_macro   0x00002f5f      0x41f D:\Software\System\IDE\LPC845_MCUXpresso_Qvoice\LPC845_MCUXpresso_Qvoice\peripherals_lib\flash\libperipherals_lib.a(swm.o)
 .debug_macro   0x0000337e       0xa4 D:\Software\System\IDE\LPC845_MCUXpresso_Qvoice\LPC845_MCUXpresso_Qvoice\utilities_lib\flash\libutilities_lib.a(utilities.o)
 .debug_macro   0x00003422       0xd8 D:\Software\System\IDE\LPC845_MCUXpresso_Qvoice\LPC845_MCUXpresso_Qvoice\utilities_lib\flash\libutilities_lib.a(utilities.o)

.debug_line     0x00000000     0x1d00
 .debug_line    0x00000000      0x485 ./src/I2C_MasterSlave.o
 .debug_line    0x00000485       0x6c ./src/MCUXpresso_Retarget.o
 .debug_line    0x000004f1       0xbd ./src/MCUXpresso_cr_startup.o
 .debug_line    0x000005ae       0x80 ./src/MCUXpresso_crp.o
 .debug_line    0x0000062e      0x3d1 ./src/Multi_Timer_Blinky.o
 .debug_line    0x000009ff      0x37c ./src/Multi_Timer_Blinky_ISR.o
 .debug_line    0x00000d7b      0x360 ./src/Serial.o
 .debug_line    0x000010db      0x3b6 ./src/system.o
 .debug_line    0x00001491      0x24b D:\Software\System\IDE\LPC845_MCUXpresso_Qvoice\LPC845_MCUXpresso_Qvoice\peripherals_lib\flash\libperipherals_lib.a(gpio.o)
 .debug_line    0x000016dc      0x23a D:\Software\System\IDE\LPC845_MCUXpresso_Qvoice\LPC845_MCUXpresso_Qvoice\peripherals_lib\flash\libperipherals_lib.a(swm.o)
 .debug_line    0x00001916      0x3ea D:\Software\System\IDE\LPC845_MCUXpresso_Qvoice\LPC845_MCUXpresso_Qvoice\utilities_lib\flash\libutilities_lib.a(utilities.o)

.debug_str      0x00000000     0x915a
 .debug_str     0x00000000     0x79a1 ./src/I2C_MasterSlave.o
                               0x7a68 (size before relaxing)
 .debug_str     0x000079a1       0x93 ./src/MCUXpresso_Retarget.o
                               0x256a (size before relaxing)
 .debug_str     0x00007a34      0x18f ./src/MCUXpresso_cr_startup.o
                               0x26b7 (size before relaxing)
 .debug_str     0x00007bc3       0xf4 ./src/MCUXpresso_crp.o
                               0x260d (size before relaxing)
 .debug_str     0x00007cb7      0x307 ./src/Multi_Timer_Blinky.o
                               0x731f (size before relaxing)
 .debug_str     0x00007fbe       0x56 ./src/Multi_Timer_Blinky_ISR.o
                               0x6541 (size before relaxing)
 .debug_str     0x00008014      0x2bc ./src/Serial.o
                               0x73f2 (size before relaxing)
 .debug_str     0x000082d0      0x696 ./src/system.o
                               0x76d3 (size before relaxing)
 .debug_str     0x00008966      0x2d2 D:\Software\System\IDE\LPC845_MCUXpresso_Qvoice\LPC845_MCUXpresso_Qvoice\peripherals_lib\flash\libperipherals_lib.a(gpio.o)
                               0x677c (size before relaxing)
 .debug_str     0x00008c38       0x5e D:\Software\System\IDE\LPC845_MCUXpresso_Qvoice\LPC845_MCUXpresso_Qvoice\peripherals_lib\flash\libperipherals_lib.a(swm.o)
                               0x6212 (size before relaxing)
 .debug_str     0x00008c96      0x4c4 D:\Software\System\IDE\LPC845_MCUXpresso_Qvoice\LPC845_MCUXpresso_Qvoice\utilities_lib\flash\libutilities_lib.a(utilities.o)
                               0x6ec4 (size before relaxing)

.comment        0x00000000       0x7f
 .comment       0x00000000       0x7f ./src/I2C_MasterSlave.o
                                 0x80 (size before relaxing)
 .comment       0x0000007f       0x80 ./src/MCUXpresso_Retarget.o
 .comment       0x0000007f       0x80 ./src/MCUXpresso_cr_startup.o
 .comment       0x0000007f       0x80 ./src/MCUXpresso_crp.o
 .comment       0x0000007f       0x80 ./src/Multi_Timer_Blinky.o
 .comment       0x0000007f       0x80 ./src/Multi_Timer_Blinky_ISR.o
 .comment       0x0000007f       0x80 ./src/Serial.o
 .comment       0x0000007f       0x80 ./src/system.o
 .comment       0x0000007f       0x80 D:\Software\System\IDE\LPC845_MCUXpresso_Qvoice\LPC845_MCUXpresso_Qvoice\peripherals_lib\flash\libperipherals_lib.a(gpio.o)
 .comment       0x0000007f       0x80 D:\Software\System\IDE\LPC845_MCUXpresso_Qvoice\LPC845_MCUXpresso_Qvoice\peripherals_lib\flash\libperipherals_lib.a(swm.o)
 .comment       0x0000007f       0x80 D:\Software\System\IDE\LPC845_MCUXpresso_Qvoice\LPC845_MCUXpresso_Qvoice\utilities_lib\flash\libutilities_lib.a(utilities.o)
 .comment       0x0000007f       0x80 c:/nxp/mcuxpressoide_10.1.1_606/ide/tools/bin/../lib/gcc/arm-none-eabi/6.3.1/../../../../arm-none-eabi/lib/thumb/v6-m\libcr_nohost_nf.a(_cr__main.o)
 .comment       0x0000007f       0x80 c:/nxp/mcuxpressoide_10.1.1_606/ide/tools/bin/../lib/gcc/arm-none-eabi/6.3.1/../../../../arm-none-eabi/lib/thumb/v6-m\libcr_c.a(fpprintf.o)
 .comment       0x0000007f       0x80 c:/nxp/mcuxpressoide_10.1.1_606/ide/tools/bin/../lib/gcc/arm-none-eabi/6.3.1/../../../../arm-none-eabi/lib/thumb/v6-m\libcr_c.a(initio.o)
 .comment       0x0000007f       0x80 c:/nxp/mcuxpressoide_10.1.1_606/ide/tools/bin/../lib/gcc/arm-none-eabi/6.3.1/../../../../arm-none-eabi/lib/thumb/v6-m\libcr_c.a(printf.o)
 .comment       0x0000007f       0x80 c:/nxp/mcuxpressoide_10.1.1_606/ide/tools/bin/../lib/gcc/arm-none-eabi/6.3.1/../../../../arm-none-eabi/lib/thumb/v6-m\libcr_c.a(setvbuf.o)
 .comment       0x0000007f       0x80 c:/nxp/mcuxpressoide_10.1.1_606/ide/tools/bin/../lib/gcc/arm-none-eabi/6.3.1/../../../../arm-none-eabi/lib/thumb/v6-m\libcr_c.a(strlen.o)
 .comment       0x0000007f       0x80 c:/nxp/mcuxpressoide_10.1.1_606/ide/tools/bin/../lib/gcc/arm-none-eabi/6.3.1/../../../../arm-none-eabi/lib/thumb/v6-m\libcr_c.a(memset.o)
 .comment       0x0000007f       0x80 c:/nxp/mcuxpressoide_10.1.1_606/ide/tools/bin/../lib/gcc/arm-none-eabi/6.3.1/../../../../arm-none-eabi/lib/thumb/v6-m\libcr_c.a(_deferredlazyseek.o)
 .comment       0x0000007f       0x80 c:/nxp/mcuxpressoide_10.1.1_606/ide/tools/bin/../lib/gcc/arm-none-eabi/6.3.1/../../../../arm-none-eabi/lib/thumb/v6-m\libcr_c.a(_fdopen.o)
 .comment       0x0000007f       0x80 c:/nxp/mcuxpressoide_10.1.1_606/ide/tools/bin/../lib/gcc/arm-none-eabi/6.3.1/../../../../arm-none-eabi/lib/thumb/v6-m\libcr_c.a(_fflush.o)
 .comment       0x0000007f       0x80 c:/nxp/mcuxpressoide_10.1.1_606/ide/tools/bin/../lib/gcc/arm-none-eabi/6.3.1/../../../../arm-none-eabi/lib/thumb/v6-m\libcr_c.a(_frexpl.o)
 .comment       0x0000007f       0x80 c:/nxp/mcuxpressoide_10.1.1_606/ide/tools/bin/../lib/gcc/arm-none-eabi/6.3.1/../../../../arm-none-eabi/lib/thumb/v6-m\libcr_c.a(_hugeval.o)
 .comment       0x0000007f       0x80 c:/nxp/mcuxpressoide_10.1.1_606/ide/tools/bin/../lib/gcc/arm-none-eabi/6.3.1/../../../../arm-none-eabi/lib/thumb/v6-m\libcr_c.a(_ldexpl.o)
 .comment       0x0000007f       0x80 c:/nxp/mcuxpressoide_10.1.1_606/ide/tools/bin/../lib/gcc/arm-none-eabi/6.3.1/../../../../arm-none-eabi/lib/thumb/v6-m\libcr_c.a(_writebuf.o)
 .comment       0x0000007f       0x80 c:/nxp/mcuxpressoide_10.1.1_606/ide/tools/bin/../lib/gcc/arm-none-eabi/6.3.1/../../../../arm-none-eabi/lib/thumb/v6-m\libcr_c.a(alloc.o)
 .comment       0x0000007f       0x80 c:/nxp/mcuxpressoide_10.1.1_606/ide/tools/bin/../lib/gcc/arm-none-eabi/6.3.1/../../../../arm-none-eabi/lib/thumb/v6-m\libcr_c.a(errno.o)
 .comment       0x0000007f       0x80 c:/nxp/mcuxpressoide_10.1.1_606/ide/tools/bin/../lib/gcc/arm-none-eabi/6.3.1/../../../../arm-none-eabi/lib/thumb/v6-m\libcr_c.a(fclose.o)
 .comment       0x0000007f       0x80 c:/nxp/mcuxpressoide_10.1.1_606/ide/tools/bin/../lib/gcc/arm-none-eabi/6.3.1/../../../../arm-none-eabi/lib/thumb/v6-m\libcr_c.a(fflush.o)
 .comment       0x0000007f       0x80 c:/nxp/mcuxpressoide_10.1.1_606/ide/tools/bin/../lib/gcc/arm-none-eabi/6.3.1/../../../../arm-none-eabi/lib/thumb/v6-m\libcr_c.a(fseek.o)
 .comment       0x0000007f       0x80 c:/nxp/mcuxpressoide_10.1.1_606/ide/tools/bin/../lib/gcc/arm-none-eabi/6.3.1/../../../../arm-none-eabi/lib/thumb/v6-m\libcr_c.a(ftell.o)
 .comment       0x0000007f       0x80 c:/nxp/mcuxpressoide_10.1.1_606/ide/tools/bin/../lib/gcc/arm-none-eabi/6.3.1/../../../../arm-none-eabi/lib/thumb/v6-m\libcr_c.a(remove.o)
 .comment       0x0000007f       0x80 c:/nxp/mcuxpressoide_10.1.1_606/ide/tools/bin/../lib/gcc/arm-none-eabi/6.3.1/../../../../arm-none-eabi/lib/thumb/v6-m\libcr_c.a(__init_alloc.o)
 .comment       0x0000007f       0x80 c:/nxp/mcuxpressoide_10.1.1_606/ide/tools/bin/../lib/gcc/arm-none-eabi/6.3.1/../../../../arm-none-eabi/lib/thumb/v6-m\libcr_c.a(_cr_sbrk.o)
 .comment       0x0000007f       0x80 c:/nxp/mcuxpressoide_10.1.1_606/ide/tools/bin/../lib/gcc/arm-none-eabi/6.3.1/../../../../arm-none-eabi/lib/thumb/v6-m\libcr_c.a(_do_fflush.o)
 .comment       0x0000007f       0x80 c:/nxp/mcuxpressoide_10.1.1_606/ide/tools/bin/../lib/gcc/arm-none-eabi/6.3.1/../../../../arm-none-eabi/lib/thumb/v6-m\libcr_c.a(_cr_check_heap.o)
 .comment       0x0000007f       0x80 c:/nxp/mcuxpressoide_10.1.1_606/ide/tools/bin/../lib/gcc/arm-none-eabi/6.3.1/thumb/v6-m\libcr_eabihelpers.a(double.o)
 .comment       0x0000007f       0x80 c:/nxp/mcuxpressoide_10.1.1_606/ide/tools/bin/../lib/gcc/arm-none-eabi/6.3.1/../../../../arm-none-eabi/lib/thumb/v6-m\libcr_nohost_nf.a(__ciob.o)
 .comment       0x0000007f       0x80 c:/nxp/mcuxpressoide_10.1.1_606/ide/tools/bin/../lib/gcc/arm-none-eabi/6.3.1/../../../../arm-none-eabi/lib/thumb/v6-m\libcr_nohost_nf.a(__sys_appexit.o)
 .comment       0x0000007f       0x80 c:/nxp/mcuxpressoide_10.1.1_606/ide/tools/bin/../lib/gcc/arm-none-eabi/6.3.1/../../../../arm-none-eabi/lib/thumb/v6-m\libcr_nohost_nf.a(__sys_close.o)
 .comment       0x0000007f       0x80 c:/nxp/mcuxpressoide_10.1.1_606/ide/tools/bin/../lib/gcc/arm-none-eabi/6.3.1/../../../../arm-none-eabi/lib/thumb/v6-m\libcr_nohost_nf.a(__sys_flen.o)
 .comment       0x0000007f       0x80 c:/nxp/mcuxpressoide_10.1.1_606/ide/tools/bin/../lib/gcc/arm-none-eabi/6.3.1/../../../../arm-none-eabi/lib/thumb/v6-m\libcr_nohost_nf.a(__sys_istty.o)
 .comment       0x0000007f       0x80 c:/nxp/mcuxpressoide_10.1.1_606/ide/tools/bin/../lib/gcc/arm-none-eabi/6.3.1/../../../../arm-none-eabi/lib/thumb/v6-m\libcr_nohost_nf.a(__sys_remove.o)
 .comment       0x0000007f       0x80 c:/nxp/mcuxpressoide_10.1.1_606/ide/tools/bin/../lib/gcc/arm-none-eabi/6.3.1/../../../../arm-none-eabi/lib/thumb/v6-m\libcr_nohost_nf.a(__sys_seek.o)
 .comment       0x0000007f       0x80 c:/nxp/mcuxpressoide_10.1.1_606/ide/tools/bin/../lib/gcc/arm-none-eabi/6.3.1/../../../../arm-none-eabi/lib/thumb/v6-m\libcr_nohost_nf.a(__sys_tmpnam.o)

.ARM.attributes
                0x00000000       0x2f
 .ARM.attributes
                0x00000000       0x31 ./src/I2C_MasterSlave.o
 .ARM.attributes
                0x00000031       0x31 ./src/MCUXpresso_Retarget.o
 .ARM.attributes
                0x00000062       0x31 ./src/MCUXpresso_cr_startup.o
 .ARM.attributes
                0x00000093       0x31 ./src/MCUXpresso_crp.o
 .ARM.attributes
                0x000000c4       0x31 ./src/Multi_Timer_Blinky.o
 .ARM.attributes
                0x000000f5       0x31 ./src/Multi_Timer_Blinky_ISR.o
 .ARM.attributes
                0x00000126       0x31 ./src/Serial.o
 .ARM.attributes
                0x00000157       0x31 ./src/system.o
 .ARM.attributes
                0x00000188       0x31 D:\Software\System\IDE\LPC845_MCUXpresso_Qvoice\LPC845_MCUXpresso_Qvoice\peripherals_lib\flash\libperipherals_lib.a(gpio.o)
 .ARM.attributes
                0x000001b9       0x31 D:\Software\System\IDE\LPC845_MCUXpresso_Qvoice\LPC845_MCUXpresso_Qvoice\peripherals_lib\flash\libperipherals_lib.a(swm.o)
 .ARM.attributes
                0x000001ea       0x31 D:\Software\System\IDE\LPC845_MCUXpresso_Qvoice\LPC845_MCUXpresso_Qvoice\utilities_lib\flash\libutilities_lib.a(utilities.o)
 .ARM.attributes
                0x0000021b       0x31 c:/nxp/mcuxpressoide_10.1.1_606/ide/tools/bin/../lib/gcc/arm-none-eabi/6.3.1/../../../../arm-none-eabi/lib/thumb/v6-m\libcr_nohost_nf.a(_cr__main.o)
 .ARM.attributes
                0x0000024c       0x31 c:/nxp/mcuxpressoide_10.1.1_606/ide/tools/bin/../lib/gcc/arm-none-eabi/6.3.1/../../../../arm-none-eabi/lib/thumb/v6-m\libcr_c.a(fpprintf.o)
 .ARM.attributes
                0x0000027d       0x31 c:/nxp/mcuxpressoide_10.1.1_606/ide/tools/bin/../lib/gcc/arm-none-eabi/6.3.1/../../../../arm-none-eabi/lib/thumb/v6-m\libcr_c.a(initio.o)
 .ARM.attributes
                0x000002ae       0x31 c:/nxp/mcuxpressoide_10.1.1_606/ide/tools/bin/../lib/gcc/arm-none-eabi/6.3.1/../../../../arm-none-eabi/lib/thumb/v6-m\libcr_c.a(printf.o)
 .ARM.attributes
                0x000002df       0x31 c:/nxp/mcuxpressoide_10.1.1_606/ide/tools/bin/../lib/gcc/arm-none-eabi/6.3.1/../../../../arm-none-eabi/lib/thumb/v6-m\libcr_c.a(setvbuf.o)
 .ARM.attributes
                0x00000310       0x31 c:/nxp/mcuxpressoide_10.1.1_606/ide/tools/bin/../lib/gcc/arm-none-eabi/6.3.1/../../../../arm-none-eabi/lib/thumb/v6-m\libcr_c.a(strlen.o)
 .ARM.attributes
                0x00000341       0x31 c:/nxp/mcuxpressoide_10.1.1_606/ide/tools/bin/../lib/gcc/arm-none-eabi/6.3.1/../../../../arm-none-eabi/lib/thumb/v6-m\libcr_c.a(memset.o)
 .ARM.attributes
                0x00000372       0x31 c:/nxp/mcuxpressoide_10.1.1_606/ide/tools/bin/../lib/gcc/arm-none-eabi/6.3.1/../../../../arm-none-eabi/lib/thumb/v6-m\libcr_c.a(_deferredlazyseek.o)
 .ARM.attributes
                0x000003a3       0x31 c:/nxp/mcuxpressoide_10.1.1_606/ide/tools/bin/../lib/gcc/arm-none-eabi/6.3.1/../../../../arm-none-eabi/lib/thumb/v6-m\libcr_c.a(_fdopen.o)
 .ARM.attributes
                0x000003d4       0x31 c:/nxp/mcuxpressoide_10.1.1_606/ide/tools/bin/../lib/gcc/arm-none-eabi/6.3.1/../../../../arm-none-eabi/lib/thumb/v6-m\libcr_c.a(_fflush.o)
 .ARM.attributes
                0x00000405       0x31 c:/nxp/mcuxpressoide_10.1.1_606/ide/tools/bin/../lib/gcc/arm-none-eabi/6.3.1/../../../../arm-none-eabi/lib/thumb/v6-m\libcr_c.a(_frexpl.o)
 .ARM.attributes
                0x00000436       0x31 c:/nxp/mcuxpressoide_10.1.1_606/ide/tools/bin/../lib/gcc/arm-none-eabi/6.3.1/../../../../arm-none-eabi/lib/thumb/v6-m\libcr_c.a(_hugeval.o)
 .ARM.attributes
                0x00000467       0x31 c:/nxp/mcuxpressoide_10.1.1_606/ide/tools/bin/../lib/gcc/arm-none-eabi/6.3.1/../../../../arm-none-eabi/lib/thumb/v6-m\libcr_c.a(_ldexpl.o)
 .ARM.attributes
                0x00000498       0x31 c:/nxp/mcuxpressoide_10.1.1_606/ide/tools/bin/../lib/gcc/arm-none-eabi/6.3.1/../../../../arm-none-eabi/lib/thumb/v6-m\libcr_c.a(_writebuf.o)
 .ARM.attributes
                0x000004c9       0x31 c:/nxp/mcuxpressoide_10.1.1_606/ide/tools/bin/../lib/gcc/arm-none-eabi/6.3.1/../../../../arm-none-eabi/lib/thumb/v6-m\libcr_c.a(alloc.o)
 .ARM.attributes
                0x000004fa       0x31 c:/nxp/mcuxpressoide_10.1.1_606/ide/tools/bin/../lib/gcc/arm-none-eabi/6.3.1/../../../../arm-none-eabi/lib/thumb/v6-m\libcr_c.a(errno.o)
 .ARM.attributes
                0x0000052b       0x31 c:/nxp/mcuxpressoide_10.1.1_606/ide/tools/bin/../lib/gcc/arm-none-eabi/6.3.1/../../../../arm-none-eabi/lib/thumb/v6-m\libcr_c.a(fclose.o)
 .ARM.attributes
                0x0000055c       0x31 c:/nxp/mcuxpressoide_10.1.1_606/ide/tools/bin/../lib/gcc/arm-none-eabi/6.3.1/../../../../arm-none-eabi/lib/thumb/v6-m\libcr_c.a(fflush.o)
 .ARM.attributes
                0x0000058d       0x31 c:/nxp/mcuxpressoide_10.1.1_606/ide/tools/bin/../lib/gcc/arm-none-eabi/6.3.1/../../../../arm-none-eabi/lib/thumb/v6-m\libcr_c.a(fseek.o)
 .ARM.attributes
                0x000005be       0x31 c:/nxp/mcuxpressoide_10.1.1_606/ide/tools/bin/../lib/gcc/arm-none-eabi/6.3.1/../../../../arm-none-eabi/lib/thumb/v6-m\libcr_c.a(ftell.o)
 .ARM.attributes
                0x000005ef       0x31 c:/nxp/mcuxpressoide_10.1.1_606/ide/tools/bin/../lib/gcc/arm-none-eabi/6.3.1/../../../../arm-none-eabi/lib/thumb/v6-m\libcr_c.a(remove.o)
 .ARM.attributes
                0x00000620       0x31 c:/nxp/mcuxpressoide_10.1.1_606/ide/tools/bin/../lib/gcc/arm-none-eabi/6.3.1/../../../../arm-none-eabi/lib/thumb/v6-m\libcr_c.a(__init_alloc.o)
 .ARM.attributes
                0x00000651       0x31 c:/nxp/mcuxpressoide_10.1.1_606/ide/tools/bin/../lib/gcc/arm-none-eabi/6.3.1/../../../../arm-none-eabi/lib/thumb/v6-m\libcr_c.a(_cr_sbrk.o)
 .ARM.attributes
                0x00000682       0x31 c:/nxp/mcuxpressoide_10.1.1_606/ide/tools/bin/../lib/gcc/arm-none-eabi/6.3.1/../../../../arm-none-eabi/lib/thumb/v6-m\libcr_c.a(_do_fflush.o)
 .ARM.attributes
                0x000006b3       0x31 c:/nxp/mcuxpressoide_10.1.1_606/ide/tools/bin/../lib/gcc/arm-none-eabi/6.3.1/../../../../arm-none-eabi/lib/thumb/v6-m\libcr_c.a(_cr_check_heap.o)
 .ARM.attributes
                0x000006e4       0x21 c:/nxp/mcuxpressoide_10.1.1_606/ide/tools/bin/../lib/gcc/arm-none-eabi/6.3.1/thumb/v6-m\libcr_eabihelpers.a(division_32.o)
 .ARM.attributes
                0x00000705       0x21 c:/nxp/mcuxpressoide_10.1.1_606/ide/tools/bin/../lib/gcc/arm-none-eabi/6.3.1/thumb/v6-m\libcr_eabihelpers.a(division_idiv0.o)
 .ARM.attributes
                0x00000726       0x31 c:/nxp/mcuxpressoide_10.1.1_606/ide/tools/bin/../lib/gcc/arm-none-eabi/6.3.1/thumb/v6-m\libcr_eabihelpers.a(double.o)
 .ARM.attributes
                0x00000757       0x21 c:/nxp/mcuxpressoide_10.1.1_606/ide/tools/bin/../lib/gcc/arm-none-eabi/6.3.1/thumb/v6-m\libcr_eabihelpers.a(llong.o)
 .ARM.attributes
                0x00000778       0x21 c:/nxp/mcuxpressoide_10.1.1_606/ide/tools/bin/../lib/gcc/arm-none-eabi/6.3.1/thumb/v6-m\libcr_eabihelpers.a(memcpy.o)
 .ARM.attributes
                0x00000799       0x31 c:/nxp/mcuxpressoide_10.1.1_606/ide/tools/bin/../lib/gcc/arm-none-eabi/6.3.1/../../../../arm-none-eabi/lib/thumb/v6-m\libcr_nohost_nf.a(__ciob.o)
 .ARM.attributes
                0x000007ca       0x31 c:/nxp/mcuxpressoide_10.1.1_606/ide/tools/bin/../lib/gcc/arm-none-eabi/6.3.1/../../../../arm-none-eabi/lib/thumb/v6-m\libcr_nohost_nf.a(__sys_appexit.o)
 .ARM.attributes
                0x000007fb       0x31 c:/nxp/mcuxpressoide_10.1.1_606/ide/tools/bin/../lib/gcc/arm-none-eabi/6.3.1/../../../../arm-none-eabi/lib/thumb/v6-m\libcr_nohost_nf.a(__sys_close.o)
 .ARM.attributes
                0x0000082c       0x31 c:/nxp/mcuxpressoide_10.1.1_606/ide/tools/bin/../lib/gcc/arm-none-eabi/6.3.1/../../../../arm-none-eabi/lib/thumb/v6-m\libcr_nohost_nf.a(__sys_flen.o)
 .ARM.attributes
                0x0000085d       0x31 c:/nxp/mcuxpressoide_10.1.1_606/ide/tools/bin/../lib/gcc/arm-none-eabi/6.3.1/../../../../arm-none-eabi/lib/thumb/v6-m\libcr_nohost_nf.a(__sys_istty.o)
 .ARM.attributes
                0x0000088e       0x31 c:/nxp/mcuxpressoide_10.1.1_606/ide/tools/bin/../lib/gcc/arm-none-eabi/6.3.1/../../../../arm-none-eabi/lib/thumb/v6-m\libcr_nohost_nf.a(__sys_remove.o)
 .ARM.attributes
                0x000008bf       0x31 c:/nxp/mcuxpressoide_10.1.1_606/ide/tools/bin/../lib/gcc/arm-none-eabi/6.3.1/../../../../arm-none-eabi/lib/thumb/v6-m\libcr_nohost_nf.a(__sys_seek.o)
 .ARM.attributes
                0x000008f0       0x31 c:/nxp/mcuxpressoide_10.1.1_606/ide/tools/bin/../lib/gcc/arm-none-eabi/6.3.1/../../../../arm-none-eabi/lib/thumb/v6-m\libcr_nohost_nf.a(__sys_tmpnam.o)

.debug_frame    0x00000000      0x760
 .debug_frame   0x00000000      0x14c ./src/I2C_MasterSlave.o
 .debug_frame   0x0000014c       0x4c ./src/MCUXpresso_Retarget.o
 .debug_frame   0x00000198      0x118 ./src/MCUXpresso_cr_startup.o
 .debug_frame   0x000002b0       0x8c ./src/Multi_Timer_Blinky.o
 .debug_frame   0x0000033c       0x88 ./src/Multi_Timer_Blinky_ISR.o
 .debug_frame   0x000003c4       0xa8 ./src/Serial.o
 .debug_frame   0x0000046c       0x50 ./src/system.o
 .debug_frame   0x000004bc       0x8c D:\Software\System\IDE\LPC845_MCUXpresso_Qvoice\LPC845_MCUXpresso_Qvoice\peripherals_lib\flash\libperipherals_lib.a(gpio.o)
 .debug_frame   0x00000548       0x70 D:\Software\System\IDE\LPC845_MCUXpresso_Qvoice\LPC845_MCUXpresso_Qvoice\peripherals_lib\flash\libperipherals_lib.a(swm.o)
 .debug_frame   0x000005b8      0x1a8 D:\Software\System\IDE\LPC845_MCUXpresso_Qvoice\LPC845_MCUXpresso_Qvoice\utilities_lib\flash\libutilities_lib.a(utilities.o)
