Archive member included to satisfy reference by file (symbol)

D:\NXP\LPC\LPC845 MCUXpresso\utilities_lib\flash\libutilities_lib.a(utilities.o)
                              ./src/Multi_Timer_Blinky.o (Config_LED)
c:/nxp/mcuxpressoide_10.1.1_606/ide/tools/bin/../lib/gcc/arm-none-eabi/6.3.1/../../../../arm-none-eabi/lib/thumb/v6-m\libcr_nohost_nf.a(_cr__main.o)
                              ./src/MCUXpresso_cr_startup.o (__main)
c:/nxp/mcuxpressoide_10.1.1_606/ide/tools/bin/../lib/gcc/arm-none-eabi/6.3.1/../../../../arm-none-eabi/lib/thumb/v6-m\libcr_c.a(initio.o)
                              c:/nxp/mcuxpressoide_10.1.1_606/ide/tools/bin/../lib/gcc/arm-none-eabi/6.3.1/../../../../arm-none-eabi/lib/thumb/v6-m\libcr_nohost_nf.a(_cr__main.o) (_initio)
c:/nxp/mcuxpressoide_10.1.1_606/ide/tools/bin/../lib/gcc/arm-none-eabi/6.3.1/../../../../arm-none-eabi/lib/thumb/v6-m\libcr_c.a(printf.o)
                              D:\NXP\LPC\LPC845 MCUXpresso\utilities_lib\flash\libutilities_lib.a(utilities.o) (_printf)
c:/nxp/mcuxpressoide_10.1.1_606/ide/tools/bin/../lib/gcc/arm-none-eabi/6.3.1/../../../../arm-none-eabi/lib/thumb/v6-m\libcr_c.a(scanf.o)
                              D:\NXP\LPC\LPC845 MCUXpresso\utilities_lib\flash\libutilities_lib.a(utilities.o) (scanf)
c:/nxp/mcuxpressoide_10.1.1_606/ide/tools/bin/../lib/gcc/arm-none-eabi/6.3.1/../../../../arm-none-eabi/lib/thumb/v6-m\libcr_c.a(setvbuf.o)
                              c:/nxp/mcuxpressoide_10.1.1_606/ide/tools/bin/../lib/gcc/arm-none-eabi/6.3.1/../../../../arm-none-eabi/lib/thumb/v6-m\libcr_c.a(initio.o) (setvbuf)
c:/nxp/mcuxpressoide_10.1.1_606/ide/tools/bin/../lib/gcc/arm-none-eabi/6.3.1/../../../../arm-none-eabi/lib/thumb/v6-m\libcr_c.a(strlen.o)
                              c:/nxp/mcuxpressoide_10.1.1_606/ide/tools/bin/../lib/gcc/arm-none-eabi/6.3.1/../../../../arm-none-eabi/lib/thumb/v6-m\libcr_c.a(printf.o) (strlen)
c:/nxp/mcuxpressoide_10.1.1_606/ide/tools/bin/../lib/gcc/arm-none-eabi/6.3.1/../../../../arm-none-eabi/lib/thumb/v6-m\libcr_c.a(ungetc.o)
                              c:/nxp/mcuxpressoide_10.1.1_606/ide/tools/bin/../lib/gcc/arm-none-eabi/6.3.1/../../../../arm-none-eabi/lib/thumb/v6-m\libcr_c.a(scanf.o) (ungetc)
c:/nxp/mcuxpressoide_10.1.1_606/ide/tools/bin/../lib/gcc/arm-none-eabi/6.3.1/../../../../arm-none-eabi/lib/thumb/v6-m\libcr_c.a(memset.o)
                              c:/nxp/mcuxpressoide_10.1.1_606/ide/tools/bin/../lib/gcc/arm-none-eabi/6.3.1/../../../../arm-none-eabi/lib/thumb/v6-m\libcr_c.a(printf.o) (memset)
c:/nxp/mcuxpressoide_10.1.1_606/ide/tools/bin/../lib/gcc/arm-none-eabi/6.3.1/../../../../arm-none-eabi/lib/thumb/v6-m\libcr_c.a(__fillbuf.o)
                              c:/nxp/mcuxpressoide_10.1.1_606/ide/tools/bin/../lib/gcc/arm-none-eabi/6.3.1/../../../../arm-none-eabi/lib/thumb/v6-m\libcr_c.a(scanf.o) (__filbuf)
c:/nxp/mcuxpressoide_10.1.1_606/ide/tools/bin/../lib/gcc/arm-none-eabi/6.3.1/../../../../arm-none-eabi/lib/thumb/v6-m\libcr_c.a(_deferredlazyseek.o)
                              c:/nxp/mcuxpressoide_10.1.1_606/ide/tools/bin/../lib/gcc/arm-none-eabi/6.3.1/../../../../arm-none-eabi/lib/thumb/v6-m\libcr_c.a(__fillbuf.o) (_deferredlazyseek)
c:/nxp/mcuxpressoide_10.1.1_606/ide/tools/bin/../lib/gcc/arm-none-eabi/6.3.1/../../../../arm-none-eabi/lib/thumb/v6-m\libcr_c.a(_fdopen.o)
                              c:/nxp/mcuxpressoide_10.1.1_606/ide/tools/bin/../lib/gcc/arm-none-eabi/6.3.1/../../../../arm-none-eabi/lib/thumb/v6-m\libcr_c.a(initio.o) (_fdopen)
c:/nxp/mcuxpressoide_10.1.1_606/ide/tools/bin/../lib/gcc/arm-none-eabi/6.3.1/../../../../arm-none-eabi/lib/thumb/v6-m\libcr_c.a(_fflush.o)
                              c:/nxp/mcuxpressoide_10.1.1_606/ide/tools/bin/../lib/gcc/arm-none-eabi/6.3.1/../../../../arm-none-eabi/lib/thumb/v6-m\libcr_c.a(__fillbuf.o) (_fflush)
c:/nxp/mcuxpressoide_10.1.1_606/ide/tools/bin/../lib/gcc/arm-none-eabi/6.3.1/../../../../arm-none-eabi/lib/thumb/v6-m\libcr_c.a(_frexpl.o)
                              c:/nxp/mcuxpressoide_10.1.1_606/ide/tools/bin/../lib/gcc/arm-none-eabi/6.3.1/../../../../arm-none-eabi/lib/thumb/v6-m\libcr_c.a(scanf.o) (_frexpl)
c:/nxp/mcuxpressoide_10.1.1_606/ide/tools/bin/../lib/gcc/arm-none-eabi/6.3.1/../../../../arm-none-eabi/lib/thumb/v6-m\libcr_c.a(_hugeval.o)
                              c:/nxp/mcuxpressoide_10.1.1_606/ide/tools/bin/../lib/gcc/arm-none-eabi/6.3.1/../../../../arm-none-eabi/lib/thumb/v6-m\libcr_c.a(scanf.o) (__huge_vall)
c:/nxp/mcuxpressoide_10.1.1_606/ide/tools/bin/../lib/gcc/arm-none-eabi/6.3.1/../../../../arm-none-eabi/lib/thumb/v6-m\libcr_c.a(_ldexpl.o)
                              c:/nxp/mcuxpressoide_10.1.1_606/ide/tools/bin/../lib/gcc/arm-none-eabi/6.3.1/../../../../arm-none-eabi/lib/thumb/v6-m\libcr_c.a(scanf.o) (_ldexpl)
c:/nxp/mcuxpressoide_10.1.1_606/ide/tools/bin/../lib/gcc/arm-none-eabi/6.3.1/../../../../arm-none-eabi/lib/thumb/v6-m\libcr_c.a(_writebuf.o)
[...]
Memory Configuration

Name             Origin             Length             Attributes
MFlash64         0x00000000         0x00010000         xr
RamLoc16         0x10000000         0x00004000         xrw
*default*        0x00000000         0xffffffff

Linker script and memory map

LOAD ./src/MCUXpresso_cr_startup.o
LOAD ./src/MCUXpresso_crp.o
LOAD ./src/MCUXpresso_mtb.o
LOAD ./src/Multi_Timer_Blinky.o
LOAD ./src/Multi_Timer_Blinky_ISR.o
LOAD ./src/system.o
LOAD D:\NXP\LPC\LPC845 MCUXpresso\peripherals_lib\flash\libperipherals_lib.a
LOAD D:\NXP\LPC\LPC845 MCUXpresso\utilities_lib\flash\libutilities_lib.a
START GROUP
LOAD c:/nxp/mcuxpressoide_10.1.1_606/ide/tools/bin/../lib/gcc/arm-none-eabi/6.3.1/../../../../arm-none-eabi/lib/thumb/v6-m\libcr_nohost_nf.a
LOAD c:/nxp/mcuxpressoide_10.1.1_606/ide/tools/bin/../lib/gcc/arm-none-eabi/6.3.1/../../../../arm-none-eabi/lib/thumb/v6-m\libcr_c.a
LOAD c:/nxp/mcuxpressoide_10.1.1_606/ide/tools/bin/../lib/gcc/arm-none-eabi/6.3.1/thumb/v6-m\libcr_eabihelpers.a
END GROUP
                0x00000000                __base_MFlash64 = 0x0
                0x00000000                __base_Flash = 0x0
                0x00010000                __top_MFlash64 = 0x10000
                0x00010000                __top_Flash = 0x10000
                0x10000000                __base_RamLoc16 = 0x10000000
                0x10000000                __base_RAM = 0x10000000
                0x10004000                __top_RamLoc16 = 0x10004000
                0x10004000                __top_RAM = 0x10004000

.text           0x00000000      0xd9c
 FILL mask 0xff
                0x00000000                __vectors_start__ = ABSOLUTE (.)
 *(.isr_vector)
 .isr_vector    0x00000000       0xc0 ./src/MCUXpresso_cr_startup.o
                0x00000000                g_pfnVectors
                0x000000c0                . = ALIGN (0x4)
                0x000000c0                __section_table_start = .
                0x000000c0                __data_section_table = .
                0x000000c0        0x4 LONG 0xd9c LOADADDR (.data)
                0x000000c4        0x4 LONG 0x10000000 ADDR (.data)
                0x000000c8        0x4 LONG 0x0 SIZEOF (.data)
                0x000000cc                __data_section_table_end = .
                0x000000cc                __bss_section_table = .
                0x000000cc        0x4 LONG 0x10000000 ADDR (.bss)
                0x000000d0        0x4 LONG 0xbc SIZEOF (.bss)
                0x000000d4                __bss_section_table_end = .
                0x000000d4                __section_table_end = .
 *(.after_vectors*)
 .after_vectors
                0x000000d4      0x124 ./src/MCUXpresso_cr_startup.o
                0x000000d4                data_init
                0x00000114                bss_init
                0x00000148                ResetISR
                0x000001c8                NMI_Handler
                0x000001d0                HardFault_Handler
                0x000001d8                SVC_Handler
                0x000001e0                PendSV_Handler
                0x000001f0                PININT1_IRQHandler
                0x000001f0                I2C1_IRQHandler
                0x000001f0                UART1_IRQHandler
                0x000001f0                ADC_SEQB_IRQHandler
                0x000001f0                UART0_IRQHandler
                0x000001f0                I2C0_IRQHandler
                0x000001f0                SPI1_IRQHandler
                0x000001f0                IntDefaultHandler
                0x000001f0                ADC_OVR_IRQHandler
                0x000001f0                PININT2_IRQHandler
                0x000001f0                PININT7_IRQHandler
                0x000001f0                PININT3_IRQHandler
                0x000001f0                UART2_IRQHandler
                0x000001f0                PININT5_IRQHandler
                0x000001f0                PININT4_IRQHandler
                0x000001f0                ADC_THCMP_IRQHandler
                0x000001f0                PININT0_IRQHandler
                0x000001f0                BOD_IRQHandler
                0x000001f0                I2C3_IRQHandler
                0x000001f0                SCT_IRQHandler
                0x000001f0                WDT_IRQHandler
                0x000001f0                I2C2_IRQHandler
                0x000001f0                ADC_SEQA_IRQHandler
                0x000001f0                DAC0_IRQHandler
                0x000001f0                PININT6_IRQHandler
                0x000001f0                SPI0_IRQHandler
                0x000001f0                CMP_IRQHandler
                0x000001f0                DMA_IRQHandler
                0x000001f0                FLASH_IRQHandler
                0x000001f0                CTIMER0_IRQHandler
                0x000002fc                . = 0x2fc
 *fill*         0x000001f8      0x104 ff
                0x000002fc                PROVIDE (__CRP_WORD_START__, .)
 *(.crp)
 .crp           0x000002fc        0x4 ./src/MCUXpresso_crp.o
                0x000002fc                CRP_WORD
                0x00000300                PROVIDE (__CRP_WORD_END__, .)
                0x00000001                ASSERT (! ((__CRP_WORD_START__ == __CRP_WORD_END__)), Linker CRP Enabled, but no CRP_WORD provided within application)
 *(.text*)
 .text.NVIC_EnableIRQ
                0x00000300       0x2c ./src/Multi_Timer_Blinky.o
 .text.activate_current_led
                0x0000032c       0x44 ./src/Multi_Timer_Blinky.o
                0x0000032c                activate_current_led
 .text.main     0x00000370      0x148 ./src/Multi_Timer_Blinky.o
                0x00000370                main
 .text.change_current_led
                0x000004b8       0x50 ./src/Multi_Timer_Blinky_ISR.o
                0x000004b8                change_current_led
 .text.WKT_IRQHandler
                0x00000508       0x54 ./src/Multi_Timer_Blinky_ISR.o
                0x00000508                WKT_IRQHandler
 .text.SysTick_Handler
                0x0000055c       0x50 ./src/Multi_Timer_Blinky_ISR.o
                0x0000055c                SysTick_Handler
 .text.MRT_IRQHandler
                0x000005ac       0x70 ./src/Multi_Timer_Blinky_ISR.o
                0x000005ac                MRT_IRQHandler
 .text.SystemInit
                0x0000061c       0xec ./src/system.o
                0x0000061c                SystemInit
 .text.Config_LED
                0x00000708       0x9c D:\NXP\LPC\LPC845 MCUXpresso\utilities_lib\flash\libutilities_lib.a(utilities.o)
                0x00000708                Config_LED
 .text.LED_Off  0x000007a4       0x4c D:\NXP\LPC\LPC845 MCUXpresso\utilities_lib\flash\libutilities_lib.a(utilities.o)
                0x000007a4                LED_Off
 .text.LED_On   0x000007f0       0x4c D:\NXP\LPC\LPC845 MCUXpresso\utilities_lib\flash\libutilities_lib.a(utilities.o)
                0x000007f0                LED_On
 .text.__main   0x0000083c        0xc c:/nxp/mcuxpressoide_10.1.1_606/ide/tools/bin/../lib/gcc/arm-none-eabi/6.3.1/../../../../arm-none-eabi/lib/thumb/v6-m\libcr_nohost_nf.a(_cr__main.o)
                0x0000083c                __main
 .text._initio  0x00000848       0x7c c:/nxp/mcuxpressoide_10.1.1_606/ide/tools/bin/../lib/gcc/arm-none-eabi/6.3.1/../../../../arm-none-eabi/lib/thumb/v6-m\libcr_c.a(initio.o)
                0x00000848                _initio
 .text.setvbuf  0x000008c4       0x48 c:/nxp/mcuxpressoide_10.1.1_606/ide/tools/bin/../lib/gcc/arm-none-eabi/6.3.1/../../../../arm-none-eabi/lib/thumb/v6-m\libcr_c.a(setvbuf.o)
                0x000008c4                setvbuf
 .text.strlen   0x0000090c       0x58 c:/nxp/mcuxpressoide_10.1.1_606/ide/tools/bin/../lib/gcc/arm-none-eabi/6.3.1/../../../../arm-none-eabi/lib/thumb/v6-m\libcr_c.a(strlen.o)
                0x0000090c                strlen
 .text.memset   0x00000964        0x8 c:/nxp/mcuxpressoide_10.1.1_606/ide/tools/bin/../lib/gcc/arm-none-eabi/6.3.1/../../../../arm-none-eabi/lib/thumb/v6-m\libcr_c.a(memset.o)
                0x00000964                memset
 .text._deferredlazyseek
                0x0000096c       0x40 c:/nxp/mcuxpressoide_10.1.1_606/ide/tools/bin/../lib/gcc/arm-none-eabi/6.3.1/../../../../arm-none-eabi/lib/thumb/v6-m\libcr_c.a(_deferredlazyseek.o)
                0x0000096c                _deferredlazyseek
 .text._fdopen  0x000009ac       0x74 c:/nxp/mcuxpressoide_10.1.1_606/ide/tools/bin/../lib/gcc/arm-none-eabi/6.3.1/../../../../arm-none-eabi/lib/thumb/v6-m\libcr_c.a(_fdopen.o)
                0x000009ac                _fdopen
 .text._fflush  0x00000a20       0x5c c:/nxp/mcuxpressoide_10.1.1_606/ide/tools/bin/../lib/gcc/arm-none-eabi/6.3.1/../../../../arm-none-eabi/lib/thumb/v6-m\libcr_c.a(_fflush.o)
                0x00000a20                _fflush
 .text._Cwritebuf
                0x00000a7c       0x68 c:/nxp/mcuxpressoide_10.1.1_606/ide/tools/bin/../lib/gcc/arm-none-eabi/6.3.1/../../../../arm-none-eabi/lib/thumb/v6-m\libcr_c.a(_writebuf.o)
                0x00000a7c                _Cwritebuf
 .text.free     0x00000ae4       0x2c c:/nxp/mcuxpressoide_10.1.1_606/ide/tools/bin/../lib/gcc/arm-none-eabi/6.3.1/../../../../arm-none-eabi/lib/thumb/v6-m\libcr_c.a(alloc.o)
                0x00000ae4                free
 .text.fclose   0x00000b10       0x5c c:/nxp/mcuxpressoide_10.1.1_606/ide/tools/bin/../lib/gcc/arm-none-eabi/6.3.1/../../../../arm-none-eabi/lib/thumb/v6-m\libcr_c.a(fclose.o)
                0x00000b10                fclose
 .text.fflush   0x00000b6c       0x44 c:/nxp/mcuxpressoide_10.1.1_606/ide/tools/bin/../lib/gcc/arm-none-eabi/6.3.1/../../../../arm-none-eabi/lib/thumb/v6-m\libcr_c.a(fflush.o)
                0x00000b6c                fflush
 .text.fseek    0x00000bb0       0xf0 c:/nxp/mcuxpressoide_10.1.1_606/ide/tools/bin/../lib/gcc/arm-none-eabi/6.3.1/../../../../arm-none-eabi/lib/thumb/v6-m\libcr_c.a(fseek.o)
                0x00000bb0                fseek
 .text.ftell    0x00000ca0       0x48 c:/nxp/mcuxpressoide_10.1.1_606/ide/tools/bin/../lib/gcc/arm-none-eabi/6.3.1/../../../../arm-none-eabi/lib/thumb/v6-m\libcr_c.a(ftell.o)
                0x00000ca0                ftell
 .text.remove   0x00000ce8       0x12 c:/nxp/mcuxpressoide_10.1.1_606/ide/tools/bin/../lib/gcc/arm-none-eabi/6.3.1/../../../../arm-none-eabi/lib/thumb/v6-m\libcr_c.a(remove.o)
                0x00000ce8                remove
 *fill*         0x00000cfa        0x2 ff
 .text._do_fflush
                0x00000cfc       0x44 c:/nxp/mcuxpressoide_10.1.1_606/ide/tools/bin/../lib/gcc/arm-none-eabi/6.3.1/../../../../arm-none-eabi/lib/thumb/v6-m\libcr_c.a(_do_fflush.o)
                0x00000cfc                _do_fflush
 .text.__aeabi_memset_lowlevel
                0x00000d40       0x2a c:/nxp/mcuxpressoide_10.1.1_606/ide/tools/bin/../lib/gcc/arm-none-eabi/6.3.1/thumb/v6-m\libcr_eabihelpers.a(memcpy.o)
                0x00000d40                __aeabi_lowlevel_memset
 .text.__sys_close
                0x00000d6a        0x6 c:/nxp/mcuxpressoide_10.1.1_606/ide/tools/bin/../lib/gcc/arm-none-eabi/6.3.1/../../../../arm-none-eabi/lib/thumb/v6-m\libcr_nohost_nf.a(__sys_close.o)
                0x00000d6a                __sys_close
 .text.__sys_flen
                0x00000d70        0x6 c:/nxp/mcuxpressoide_10.1.1_606/ide/tools/bin/../lib/gcc/arm-none-eabi/6.3.1/../../../../arm-none-eabi/lib/thumb/v6-m\libcr_nohost_nf.a(__sys_flen.o)
                0x00000d70                __sys_flen
 .text.__sys_istty
                0x00000d76        0x6 c:/nxp/mcuxpressoide_10.1.1_606/ide/tools/bin/../lib/gcc/arm-none-eabi/6.3.1/../../../../arm-none-eabi/lib/thumb/v6-m\libcr_nohost_nf.a(__sys_istty.o)
                0x00000d76                __sys_istty
 .text.__sys_remove
                0x00000d7c        0x6 c:/nxp/mcuxpressoide_10.1.1_606/ide/tools/bin/../lib/gcc/arm-none-eabi/6.3.1/../../../../arm-none-eabi/lib/thumb/v6-m\libcr_nohost_nf.a(__sys_remove.o)
                0x00000d7c                __sys_remove
 .text.__sys_seek
                0x00000d82        0x6 c:/nxp/mcuxpressoide_10.1.1_606/ide/tools/bin/../lib/gcc/arm-none-eabi/6.3.1/../../../../arm-none-eabi/lib/thumb/v6-m\libcr_nohost_nf.a(__sys_seek.o)
                0x00000d82                __sys_seek
 .text.__sys_tmpnam
                0x00000d88        0x6 c:/nxp/mcuxpressoide_10.1.1_606/ide/tools/bin/../lib/gcc/arm-none-eabi/6.3.1/../../../../arm-none-eabi/lib/thumb/v6-m\libcr_nohost_nf.a(__sys_tmpnam.o)
                0x00000d88                __sys_tmpnam
 .text.__sys_write
                0x00000d8e        0x4 c:/nxp/mcuxpressoide_10.1.1_606/ide/tools/bin/../lib/gcc/arm-none-eabi/6.3.1/../../../../arm-none-eabi/lib/thumb/v6-m\libcr_nohost_nf.a(__sys_write.o)
                0x00000d8e                __sys_write
 *(.rodata .rodata.* .constdata .constdata.*)
 .rodata._initio.str1.1
                0x00000d92        0x4 c:/nxp/mcuxpressoide_10.1.1_606/ide/tools/bin/../lib/gcc/arm-none-eabi/6.3.1/../../../../arm-none-eabi/lib/thumb/v6-m\libcr_c.a(initio.o)
 *fill*         0x00000d96        0x2 ff
 .rodata.__num_Ciob_streams
                0x00000d98        0x4 c:/nxp/mcuxpressoide_10.1.1_606/ide/tools/bin/../lib/gcc/arm-none-eabi/6.3.1/../../../../arm-none-eabi/lib/thumb/v6-m\libcr_nohost_nf.a(__ciob.o)
                0x00000d98                __num_Ciob_streams
                0x00000d9c                . = ALIGN (0x4)

.glue_7         0x00000d9c        0x0
 .glue_7        0x00000d9c        0x0 linker stubs

.glue_7t        0x00000d9c        0x0
 .glue_7t       0x00000d9c        0x0 linker stubs

.vfp11_veneer   0x00000d9c        0x0
 .vfp11_veneer  0x00000d9c        0x0 linker stubs

.v4_bx          0x00000d9c        0x0
 .v4_bx         0x00000d9c        0x0 linker stubs

.iplt           0x00000d9c        0x0
 .iplt          0x00000d9c        0x0 ./src/MCUXpresso_cr_startup.o

.rel.dyn        0x00000d9c        0x0
 .rel.iplt      0x00000d9c        0x0 ./src/MCUXpresso_cr_startup.o

.ARM.extab
 *(.ARM.extab* .gnu.linkonce.armextab.*)
                0x00000d9c                __exidx_start = .

.ARM.exidx
 *(.ARM.exidx* .gnu.linkonce.armexidx.*)
                0x00000d9c                __exidx_end = .
                0x00000d9c                _etext = .

.mtb_buffer_default
 *(.mtb*)

.uninit_RESERVED
                0x10000000        0x0
 *(.bss.$RESERVED*)
                0x10000000                . = ALIGN (0x4)
                0x10000000                _end_uninit_RESERVED = .

.data           0x10000000        0x0 load address 0x00000d9c
 FILL mask 0xff
                0x10000000                _data = .
 *(vtable)
 *(.ramfunc*)
 *(.data*)
                0x10000000                . = ALIGN (0x4)
                0x10000000                _edata = .

.igot.plt       0x10000000        0x0 load address 0x00000d9c
 .igot.plt      0x10000000        0x0 ./src/MCUXpresso_cr_startup.o

.bss            0x10000000       0xbc load address 0x00000d9c
                0x10000000                _bss = .
 *(.bss*)
 .bss.handshake
                0x10000000        0x1 ./src/Multi_Timer_Blinky.o
                0x10000000                handshake
 .bss.interrupt_counter
                0x10000001        0x1 ./src/Multi_Timer_Blinky.o
                0x10000001                interrupt_counter
 .bss.current_led
                0x10000002        0x1 ./src/Multi_Timer_Blinky.o
                0x10000002                current_led
 *fill*         0x10000003        0x1 
 .bss.errno     0x10000004        0x4 c:/nxp/mcuxpressoide_10.1.1_606/ide/tools/bin/../lib/gcc/arm-none-eabi/6.3.1/../../../../arm-none-eabi/lib/thumb/v6-m\libcr_c.a(errno.o)
                0x10000004                errno
 .bss.__Ciob    0x10000008       0xb4 c:/nxp/mcuxpressoide_10.1.1_606/ide/tools/bin/../lib/gcc/arm-none-eabi/6.3.1/../../../../arm-none-eabi/lib/thumb/v6-m\libcr_nohost_nf.a(__ciob.o)
                0x10000008                __Ciob
 *(COMMON)
                0x100000bc                . = ALIGN (0x4)
                0x100000bc                _ebss = .
                [!provide]                PROVIDE (end, .)

.noinit         0x100000bc        0x0 load address 0x00000d9c
                0x100000bc                _noinit = .
 *(.noinit*)
                0x100000bc                . = ALIGN (0x4)
                0x100000bc                _end_noinit = .
                0x100000bc                PROVIDE (_pvHeapStart, DEFINED (__user_heap_base)?__user_heap_base:.)
                0x10004000                PROVIDE (_vStackTop, DEFINED (__user_stack_top)?__user_stack_top:(__top_RamLoc16 - 0x0))
                0xefffbb1d                PROVIDE (__valid_user_code_checksum, (0x0 - (((_vStackTop + (ResetISR + 0x1)) + (DEFINED (NMI_Handler)?NMI_Handler:M0_NMI_Handler + 0x1)) + (DEFINED (HardFault_Handler)?HardFault_Handler:M0_HardFault_Handler + 0x1))))
                0x00000000                _image_start = LOADADDR (.text)
                0x00000d9c                _image_end = (LOADADDR (.data) + SIZEOF (.data))
                0x00000d9c                _image_size = (_image_end - _image_start)
OUTPUT(Multi_Timer_Blinky.axf elf32-littlearm)

.debug_info     0x00000000     0x282e
 .debug_info    0x00000000      0x208 ./src/MCUXpresso_cr_startup.o
 .debug_info    0x00000208       0x3f ./src/MCUXpresso_crp.o
 .debug_info    0x00000247      0xa83 ./src/Multi_Timer_Blinky.o
 .debug_info    0x00000cca      0x2b4 ./src/Multi_Timer_Blinky_ISR.o
 .debug_info    0x00000f7e      0xa47 ./src/system.o
 .debug_info    0x000019c5      0xe69 D:\NXP\LPC\LPC845 MCUXpresso\utilities_lib\flash\libutilities_lib.a(utilities.o)

.debug_abbrev   0x00000000      0x811
 .debug_abbrev  0x00000000       0xf5 ./src/MCUXpresso_cr_startup.o
 .debug_abbrev  0x000000f5       0x36 ./src/MCUXpresso_crp.o
 .debug_abbrev  0x0000012b      0x1cb ./src/Multi_Timer_Blinky.o
 .debug_abbrev  0x000002f6      0x11b ./src/Multi_Timer_Blinky_ISR.o
 .debug_abbrev  0x00000411      0x1af ./src/system.o
 .debug_abbrev  0x000005c0      0x251 D:\NXP\LPC\LPC845 MCUXpresso\utilities_lib\flash\libutilities_lib.a(utilities.o)

.debug_aranges  0x00000000      0x178
 .debug_aranges
                0x00000000       0x60 ./src/MCUXpresso_cr_startup.o
 .debug_aranges
                0x00000060       0x18 ./src/MCUXpresso_crp.o
 .debug_aranges
                0x00000078       0x30 ./src/Multi_Timer_Blinky.o
 .debug_aranges
                0x000000a8       0x38 ./src/Multi_Timer_Blinky_ISR.o
 .debug_aranges
                0x000000e0       0x28 ./src/system.o
 .debug_aranges
                0x00000108       0x70 D:\NXP\LPC\LPC845 MCUXpresso\utilities_lib\flash\libutilities_lib.a(utilities.o)

.debug_ranges   0x00000000      0x110
 .debug_ranges  0x00000000       0x50 ./src/MCUXpresso_cr_startup.o
 .debug_ranges  0x00000050       0x20 ./src/Multi_Timer_Blinky.o
 .debug_ranges  0x00000070       0x28 ./src/Multi_Timer_Blinky_ISR.o
 .debug_ranges  0x00000098       0x18 ./src/system.o
 .debug_ranges  0x000000b0       0x60 D:\NXP\LPC\LPC845 MCUXpresso\utilities_lib\flash\libutilities_lib.a(utilities.o)

.debug_macro    0x00000000     0x2b8b
 .debug_macro   0x00000000       0x1d ./src/MCUXpresso_cr_startup.o
 .debug_macro   0x0000001d      0x84a ./src/MCUXpresso_cr_startup.o
 .debug_macro   0x00000867       0x1a ./src/MCUXpresso_crp.o
 .debug_macro   0x00000881       0x34 ./src/MCUXpresso_crp.o
 .debug_macro   0x000008b5       0xba ./src/Multi_Timer_Blinky.o
 .debug_macro   0x0000096f       0x3a ./src/Multi_Timer_Blinky.o
 .debug_macro   0x000009a9       0x3a ./src/Multi_Timer_Blinky.o
 .debug_macro   0x000009e3       0x10 ./src/Multi_Timer_Blinky.o
 .debug_macro   0x000009f3      0x12d ./src/Multi_Timer_Blinky.o
 .debug_macro   0x00000b20      0x5b2 ./src/Multi_Timer_Blinky.o
 .debug_macro   0x000010d2      0x241 ./src/Multi_Timer_Blinky.o
 .debug_macro   0x00001313      0x27a ./src/Multi_Timer_Blinky.o
 .debug_macro   0x0000158d       0x1c ./src/Multi_Timer_Blinky.o
 .debug_macro   0x000015a9      0x2c2 ./src/Multi_Timer_Blinky.o
 .debug_macro   0x0000186b       0x28 ./src/Multi_Timer_Blinky.o
 .debug_macro   0x00001893       0x64 ./src/Multi_Timer_Blinky.o
 .debug_macro   0x000018f7      0x425 ./src/Multi_Timer_Blinky.o
 .debug_macro   0x00001d1c       0x82 ./src/Multi_Timer_Blinky.o
 .debug_macro   0x00001d9e       0xad ./src/Multi_Timer_Blinky_ISR.o
 .debug_macro   0x00001e4b      0x120 ./src/system.o
 .debug_macro   0x00001f6b       0x5e ./src/system.o
 .debug_macro   0x00001fc9       0x4c ./src/system.o
 .debug_macro   0x00002015       0x22 ./src/system.o
 .debug_macro   0x00002037       0xac ./src/system.o
 .debug_macro   0x000020e3       0xa4 D:\NXP\LPC\LPC845 MCUXpresso\utilities_lib\flash\libutilities_lib.a(utilities.o)
 .debug_macro   0x00002187      0x84a D:\NXP\LPC\LPC845 MCUXpresso\utilities_lib\flash\libutilities_lib.a(utilities.o)
 .debug_macro   0x000029d1       0xe2 D:\NXP\LPC\LPC845 MCUXpresso\utilities_lib\flash\libutilities_lib.a(utilities.o)
 .debug_macro   0x00002ab3       0xd8 D:\NXP\LPC\LPC845 MCUXpresso\utilities_lib\flash\libutilities_lib.a(utilities.o)

.debug_line     0x00000000      0xcf7
 .debug_line    0x00000000       0xbf ./src/MCUXpresso_cr_startup.o
 .debug_line    0x000000bf       0x80 ./src/MCUXpresso_crp.o
 .debug_line    0x0000013f      0x2cd ./src/Multi_Timer_Blinky.o
 .debug_line    0x0000040c      0x2b4 ./src/Multi_Timer_Blinky_ISR.o
 .debug_line    0x000006c0      0x302 ./src/system.o
 .debug_line    0x000009c2      0x335 D:\NXP\LPC\LPC845 MCUXpresso\utilities_lib\flash\libutilities_lib.a(utilities.o)

.debug_str      0x00000000     0x83c3
 .debug_str     0x00000000     0x2522 ./src/MCUXpresso_cr_startup.o
                               0x2535 (size before relaxing)
 .debug_str     0x00002522       0xf4 ./src/MCUXpresso_crp.o
                               0x249f (size before relaxing)
 .debug_str     0x00002616     0x4c05 ./src/Multi_Timer_Blinky.o
                               0x7070 (size before relaxing)
 .debug_str     0x0000721b       0x5b ./src/Multi_Timer_Blinky_ISR.o
                               0x6316 (size before relaxing)
 .debug_str     0x00007276      0x951 ./src/system.o
                               0x7501 (size before relaxing)
 .debug_str     0x00007bc7      0x7fc D:\NXP\LPC\LPC845 MCUXpresso\utilities_lib\flash\libutilities_lib.a(utilities.o)
                               0x6c05 (size before relaxing)

.comment        0x00000000       0xed
 .comment       0x00000000       0x6e ./src/MCUXpresso_cr_startup.o
                                 0x6f (size before relaxing)
 .comment       0x0000006e       0x6f ./src/MCUXpresso_crp.o
 .comment       0x0000006e       0x6f ./src/Multi_Timer_Blinky.o
 .comment       0x0000006e       0x6f ./src/Multi_Timer_Blinky_ISR.o
 .comment       0x0000006e       0x6f ./src/system.o
 .comment       0x0000006e       0x6f D:\NXP\LPC\LPC845 MCUXpresso\utilities_lib\flash\libutilities_lib.a(utilities.o)
 .comment       0x0000006e       0x7f c:/nxp/mcuxpressoide_10.1.1_606/ide/tools/bin/../lib/gcc/arm-none-eabi/6.3.1/../../../../arm-none-eabi/lib/thumb/v6-m\libcr_nohost_nf.a(_cr__main.o)
                                 0x80 (size before relaxing)
 .comment       0x000000ed       0x80 c:/nxp/mcuxpressoide_10.1.1_606/ide/tools/bin/../lib/gcc/arm-none-eabi/6.3.1/../../../../arm-none-eabi/lib/thumb/v6-m\libcr_c.a(initio.o)
 .comment       0x000000ed       0x80 c:/nxp/mcuxpressoide_10.1.1_606/ide/tools/bin/../lib/gcc/arm-none-eabi/6.3.1/../../../../arm-none-eabi/lib/thumb/v6-m\libcr_c.a(setvbuf.o)
 .comment       0x000000ed       0x80 c:/nxp/mcuxpressoide_10.1.1_606/ide/tools/bin/../lib/gcc/arm-none-eabi/6.3.1/../../../../arm-none-eabi/lib/thumb/v6-m\libcr_c.a(strlen.o)
 .comment       0x000000ed       0x80 c:/nxp/mcuxpressoide_10.1.1_606/ide/tools/bin/../lib/gcc/arm-none-eabi/6.3.1/../../../../arm-none-eabi/lib/thumb/v6-m\libcr_c.a(memset.o)
 .comment       0x000000ed       0x80 c:/nxp/mcuxpressoide_10.1.1_606/ide/tools/bin/../lib/gcc/arm-none-eabi/6.3.1/../../../../arm-none-eabi/lib/thumb/v6-m\libcr_c.a(_deferredlazyseek.o)
 .comment       0x000000ed       0x80 c:/nxp/mcuxpressoide_10.1.1_606/ide/tools/bin/../lib/gcc/arm-none-eabi/6.3.1/../../../../arm-none-eabi/lib/thumb/v6-m\libcr_c.a(_fdopen.o)
 .comment       0x000000ed       0x80 c:/nxp/mcuxpressoide_10.1.1_606/ide/tools/bin/../lib/gcc/arm-none-eabi/6.3.1/../../../../arm-none-eabi/lib/thumb/v6-m\libcr_c.a(_fflush.o)
 .comment       0x000000ed       0x80 c:/nxp/mcuxpressoide_10.1.1_606/ide/tools/bin/../lib/gcc/arm-none-eabi/6.3.1/../../../../arm-none-eabi/lib/thumb/v6-m\libcr_c.a(_writebuf.o)
 .comment       0x000000ed       0x80 c:/nxp/mcuxpressoide_10.1.1_606/ide/tools/bin/../lib/gcc/arm-none-eabi/6.3.1/../../../../arm-none-eabi/lib/thumb/v6-m\libcr_c.a(alloc.o)
 .comment       0x000000ed       0x80 c:/nxp/mcuxpressoide_10.1.1_606/ide/tools/bin/../lib/gcc/arm-none-eabi/6.3.1/../../../../arm-none-eabi/lib/thumb/v6-m\libcr_c.a(errno.o)
 .comment       0x000000ed       0x80 c:/nxp/mcuxpressoide_10.1.1_606/ide/tools/bin/../lib/gcc/arm-none-eabi/6.3.1/../../../../arm-none-eabi/lib/thumb/v6-m\libcr_c.a(fclose.o)
 .comment       0x000000ed       0x80 c:/nxp/mcuxpressoide_10.1.1_606/ide/tools/bin/../lib/gcc/arm-none-eabi/6.3.1/../../../../arm-none-eabi/lib/thumb/v6-m\libcr_c.a(fflush.o)
 .comment       0x000000ed       0x80 c:/nxp/mcuxpressoide_10.1.1_606/ide/tools/bin/../lib/gcc/arm-none-eabi/6.3.1/../../../../arm-none-eabi/lib/thumb/v6-m\libcr_c.a(fseek.o)
 .comment       0x000000ed       0x80 c:/nxp/mcuxpressoide_10.1.1_606/ide/tools/bin/../lib/gcc/arm-none-eabi/6.3.1/../../../../arm-none-eabi/lib/thumb/v6-m\libcr_c.a(ftell.o)
 .comment       0x000000ed       0x80 c:/nxp/mcuxpressoide_10.1.1_606/ide/tools/bin/../lib/gcc/arm-none-eabi/6.3.1/../../../../arm-none-eabi/lib/thumb/v6-m\libcr_c.a(remove.o)
 .comment       0x000000ed       0x80 c:/nxp/mcuxpressoide_10.1.1_606/ide/tools/bin/../lib/gcc/arm-none-eabi/6.3.1/../../../../arm-none-eabi/lib/thumb/v6-m\libcr_c.a(_do_fflush.o)
 .comment       0x000000ed       0x80 c:/nxp/mcuxpressoide_10.1.1_606/ide/tools/bin/../lib/gcc/arm-none-eabi/6.3.1/../../../../arm-none-eabi/lib/thumb/v6-m\libcr_nohost_nf.a(__ciob.o)
 .comment       0x000000ed       0x80 c:/nxp/mcuxpressoide_10.1.1_606/ide/tools/bin/../lib/gcc/arm-none-eabi/6.3.1/../../../../arm-none-eabi/lib/thumb/v6-m\libcr_nohost_nf.a(__sys_close.o)
 .comment       0x000000ed       0x80 c:/nxp/mcuxpressoide_10.1.1_606/ide/tools/bin/../lib/gcc/arm-none-eabi/6.3.1/../../../../arm-none-eabi/lib/thumb/v6-m\libcr_nohost_nf.a(__sys_flen.o)
 .comment       0x000000ed       0x80 c:/nxp/mcuxpressoide_10.1.1_606/ide/tools/bin/../lib/gcc/arm-none-eabi/6.3.1/../../../../arm-none-eabi/lib/thumb/v6-m\libcr_nohost_nf.a(__sys_istty.o)
 .comment       0x000000ed       0x80 c:/nxp/mcuxpressoide_10.1.1_606/ide/tools/bin/../lib/gcc/arm-none-eabi/6.3.1/../../../../arm-none-eabi/lib/thumb/v6-m\libcr_nohost_nf.a(__sys_remove.o)
 .comment       0x000000ed       0x80 c:/nxp/mcuxpressoide_10.1.1_606/ide/tools/bin/../lib/gcc/arm-none-eabi/6.3.1/../../../../arm-none-eabi/lib/thumb/v6-m\libcr_nohost_nf.a(__sys_seek.o)
 .comment       0x000000ed       0x80 c:/nxp/mcuxpressoide_10.1.1_606/ide/tools/bin/../lib/gcc/arm-none-eabi/6.3.1/../../../../arm-none-eabi/lib/thumb/v6-m\libcr_nohost_nf.a(__sys_tmpnam.o)
 .comment       0x000000ed       0x80 c:/nxp/mcuxpressoide_10.1.1_606/ide/tools/bin/../lib/gcc/arm-none-eabi/6.3.1/../../../../arm-none-eabi/lib/thumb/v6-m\libcr_nohost_nf.a(__sys_write.o)

.ARM.attributes
                0x00000000       0x2f
 .ARM.attributes
                0x00000000       0x31 ./src/MCUXpresso_cr_startup.o
 .ARM.attributes
                0x00000031       0x31 ./src/MCUXpresso_crp.o
 .ARM.attributes
                0x00000062       0x31 ./src/Multi_Timer_Blinky.o
 .ARM.attributes
                0x00000093       0x31 ./src/Multi_Timer_Blinky_ISR.o
 .ARM.attributes
                0x000000c4       0x31 ./src/system.o
 .ARM.attributes
                0x000000f5       0x31 D:\NXP\LPC\LPC845 MCUXpresso\utilities_lib\flash\libutilities_lib.a(utilities.o)
 .ARM.attributes
                0x00000126       0x31 c:/nxp/mcuxpressoide_10.1.1_606/ide/tools/bin/../lib/gcc/arm-none-eabi/6.3.1/../../../../arm-none-eabi/lib/thumb/v6-m\libcr_nohost_nf.a(_cr__main.o)
 .ARM.attributes
                0x00000157       0x31 c:/nxp/mcuxpressoide_10.1.1_606/ide/tools/bin/../lib/gcc/arm-none-eabi/6.3.1/../../../../arm-none-eabi/lib/thumb/v6-m\libcr_c.a(initio.o)
 .ARM.attributes
                0x00000188       0x31 c:/nxp/mcuxpressoide_10.1.1_606/ide/tools/bin/../lib/gcc/arm-none-eabi/6.3.1/../../../../arm-none-eabi/lib/thumb/v6-m\libcr_c.a(setvbuf.o)
 .ARM.attributes
                0x000001b9       0x31 c:/nxp/mcuxpressoide_10.1.1_606/ide/tools/bin/../lib/gcc/arm-none-eabi/6.3.1/../../../../arm-none-eabi/lib/thumb/v6-m\libcr_c.a(strlen.o)
 .ARM.attributes
                0x000001ea       0x31 c:/nxp/mcuxpressoide_10.1.1_606/ide/tools/bin/../lib/gcc/arm-none-eabi/6.3.1/../../../../arm-none-eabi/lib/thumb/v6-m\libcr_c.a(memset.o)
 .ARM.attributes
                0x0000021b       0x31 c:/nxp/mcuxpressoide_10.1.1_606/ide/tools/bin/../lib/gcc/arm-none-eabi/6.3.1/../../../../arm-none-eabi/lib/thumb/v6-m\libcr_c.a(_deferredlazyseek.o)
 .ARM.attributes
                0x0000024c       0x31 c:/nxp/mcuxpressoide_10.1.1_606/ide/tools/bin/../lib/gcc/arm-none-eabi/6.3.1/../../../../arm-none-eabi/lib/thumb/v6-m\libcr_c.a(_fdopen.o)
 .ARM.attributes
                0x0000027d       0x31 c:/nxp/mcuxpressoide_10.1.1_606/ide/tools/bin/../lib/gcc/arm-none-eabi/6.3.1/../../../../arm-none-eabi/lib/thumb/v6-m\libcr_c.a(_fflush.o)
 .ARM.attributes
                0x000002ae       0x31 c:/nxp/mcuxpressoide_10.1.1_606/ide/tools/bin/../lib/gcc/arm-none-eabi/6.3.1/../../../../arm-none-eabi/lib/thumb/v6-m\libcr_c.a(_writebuf.o)
 .ARM.attributes
                0x000002df       0x31 c:/nxp/mcuxpressoide_10.1.1_606/ide/tools/bin/../lib/gcc/arm-none-eabi/6.3.1/../../../../arm-none-eabi/lib/thumb/v6-m\libcr_c.a(alloc.o)
 .ARM.attributes
                0x00000310       0x31 c:/nxp/mcuxpressoide_10.1.1_606/ide/tools/bin/../lib/gcc/arm-none-eabi/6.3.1/../../../../arm-none-eabi/lib/thumb/v6-m\libcr_c.a(errno.o)
 .ARM.attributes
                0x00000341       0x31 c:/nxp/mcuxpressoide_10.1.1_606/ide/tools/bin/../lib/gcc/arm-none-eabi/6.3.1/../../../../arm-none-eabi/lib/thumb/v6-m\libcr_c.a(fclose.o)
 .ARM.attributes
                0x00000372       0x31 c:/nxp/mcuxpressoide_10.1.1_606/ide/tools/bin/../lib/gcc/arm-none-eabi/6.3.1/../../../../arm-none-eabi/lib/thumb/v6-m\libcr_c.a(fflush.o)
 .ARM.attributes
                0x000003a3       0x31 c:/nxp/mcuxpressoide_10.1.1_606/ide/tools/bin/../lib/gcc/arm-none-eabi/6.3.1/../../../../arm-none-eabi/lib/thumb/v6-m\libcr_c.a(fseek.o)
 .ARM.attributes
                0x000003d4       0x31 c:/nxp/mcuxpressoide_10.1.1_606/ide/tools/bin/../lib/gcc/arm-none-eabi/6.3.1/../../../../arm-none-eabi/lib/thumb/v6-m\libcr_c.a(ftell.o)
 .ARM.attributes
                0x00000405       0x31 c:/nxp/mcuxpressoide_10.1.1_606/ide/tools/bin/../lib/gcc/arm-none-eabi/6.3.1/../../../../arm-none-eabi/lib/thumb/v6-m\libcr_c.a(remove.o)
 .ARM.attributes
                0x00000436       0x31 c:/nxp/mcuxpressoide_10.1.1_606/ide/tools/bin/../lib/gcc/arm-none-eabi/6.3.1/../../../../arm-none-eabi/lib/thumb/v6-m\libcr_c.a(_do_fflush.o)
 .ARM.attributes
                0x00000467       0x21 c:/nxp/mcuxpressoide_10.1.1_606/ide/tools/bin/../lib/gcc/arm-none-eabi/6.3.1/thumb/v6-m\libcr_eabihelpers.a(memcpy.o)
 .ARM.attributes
                0x00000488       0x31 c:/nxp/mcuxpressoide_10.1.1_606/ide/tools/bin/../lib/gcc/arm-none-eabi/6.3.1/../../../../arm-none-eabi/lib/thumb/v6-m\libcr_nohost_nf.a(__ciob.o)
 .ARM.attributes
                0x000004b9       0x31 c:/nxp/mcuxpressoide_10.1.1_606/ide/tools/bin/../lib/gcc/arm-none-eabi/6.3.1/../../../../arm-none-eabi/lib/thumb/v6-m\libcr_nohost_nf.a(__sys_close.o)
 .ARM.attributes
                0x000004ea       0x31 c:/nxp/mcuxpressoide_10.1.1_606/ide/tools/bin/../lib/gcc/arm-none-eabi/6.3.1/../../../../arm-none-eabi/lib/thumb/v6-m\libcr_nohost_nf.a(__sys_flen.o)
 .ARM.attributes
                0x0000051b       0x31 c:/nxp/mcuxpressoide_10.1.1_606/ide/tools/bin/../lib/gcc/arm-none-eabi/6.3.1/../../../../arm-none-eabi/lib/thumb/v6-m\libcr_nohost_nf.a(__sys_istty.o)
 .ARM.attributes
                0x0000054c       0x31 c:/nxp/mcuxpressoide_10.1.1_606/ide/tools/bin/../lib/gcc/arm-none-eabi/6.3.1/../../../../arm-none-eabi/lib/thumb/v6-m\libcr_nohost_nf.a(__sys_remove.o)
 .ARM.attributes
                0x0000057d       0x31 c:/nxp/mcuxpressoide_10.1.1_606/ide/tools/bin/../lib/gcc/arm-none-eabi/6.3.1/../../../../arm-none-eabi/lib/thumb/v6-m\libcr_nohost_nf.a(__sys_seek.o)
 .ARM.attributes
                0x000005ae       0x31 c:/nxp/mcuxpressoide_10.1.1_606/ide/tools/bin/../lib/gcc/arm-none-eabi/6.3.1/../../../../arm-none-eabi/lib/thumb/v6-m\libcr_nohost_nf.a(__sys_tmpnam.o)
 .ARM.attributes
                0x000005df       0x31 c:/nxp/mcuxpressoide_10.1.1_606/ide/tools/bin/../lib/gcc/arm-none-eabi/6.3.1/../../../../arm-none-eabi/lib/thumb/v6-m\libcr_nohost_nf.a(__sys_write.o)

.debug_frame    0x00000000      0x3c0
 .debug_frame   0x00000000      0x118 ./src/MCUXpresso_cr_startup.o
 .debug_frame   0x00000118       0x68 ./src/Multi_Timer_Blinky.o
 .debug_frame   0x00000180       0x88 ./src/Multi_Timer_Blinky_ISR.o
 .debug_frame   0x00000208       0x50 ./src/system.o
 .debug_frame   0x00000258      0x168 D:\NXP\LPC\LPC845 MCUXpresso\utilities_lib\flash\libutilities_lib.a(utilities.o)
